Archive member included to satisfy reference by file (symbol)

/opt/st/stm32cubeide_1.7.0/plugins/com.st.stm32cube.ide.mcu.externaltools.gnu-tools-for-stm32.9-2020-q2-update.linux64_2.0.0.202105311346/tools/bin/../lib/gcc/arm-none-eabi/9.3.1/../../../../arm-none-eabi/lib/thumb/v7-m/nofp/libc_nano.a(lib_a-errno.o)
                              ./Src/syscalls.o (__errno)
/opt/st/stm32cubeide_1.7.0/plugins/com.st.stm32cube.ide.mcu.externaltools.gnu-tools-for-stm32.9-2020-q2-update.linux64_2.0.0.202105311346/tools/bin/../lib/gcc/arm-none-eabi/9.3.1/../../../../arm-none-eabi/lib/thumb/v7-m/nofp/libc_nano.a(lib_a-exit.o)
                              /opt/st/stm32cubeide_1.7.0/plugins/com.st.stm32cube.ide.mcu.externaltools.gnu-tools-for-stm32.9-2020-q2-update.linux64_2.0.0.202105311346/tools/bin/../lib/gcc/arm-none-eabi/9.3.1/../../../../arm-none-eabi/lib/thumb/v7-m/nofp/crt0.o (exit)
/opt/st/stm32cubeide_1.7.0/plugins/com.st.stm32cube.ide.mcu.externaltools.gnu-tools-for-stm32.9-2020-q2-update.linux64_2.0.0.202105311346/tools/bin/../lib/gcc/arm-none-eabi/9.3.1/../../../../arm-none-eabi/lib/thumb/v7-m/nofp/libc_nano.a(lib_a-impure.o)
                              /opt/st/stm32cubeide_1.7.0/plugins/com.st.stm32cube.ide.mcu.externaltools.gnu-tools-for-stm32.9-2020-q2-update.linux64_2.0.0.202105311346/tools/bin/../lib/gcc/arm-none-eabi/9.3.1/../../../../arm-none-eabi/lib/thumb/v7-m/nofp/libc_nano.a(lib_a-exit.o) (_global_impure_ptr)
/opt/st/stm32cubeide_1.7.0/plugins/com.st.stm32cube.ide.mcu.externaltools.gnu-tools-for-stm32.9-2020-q2-update.linux64_2.0.0.202105311346/tools/bin/../lib/gcc/arm-none-eabi/9.3.1/../../../../arm-none-eabi/lib/thumb/v7-m/nofp/libc_nano.a(lib_a-init.o)
                              /opt/st/stm32cubeide_1.7.0/plugins/com.st.stm32cube.ide.mcu.externaltools.gnu-tools-for-stm32.9-2020-q2-update.linux64_2.0.0.202105311346/tools/bin/../lib/gcc/arm-none-eabi/9.3.1/../../../../arm-none-eabi/lib/thumb/v7-m/nofp/crt0.o (__libc_init_array)
/opt/st/stm32cubeide_1.7.0/plugins/com.st.stm32cube.ide.mcu.externaltools.gnu-tools-for-stm32.9-2020-q2-update.linux64_2.0.0.202105311346/tools/bin/../lib/gcc/arm-none-eabi/9.3.1/../../../../arm-none-eabi/lib/thumb/v7-m/nofp/libc_nano.a(lib_a-memset.o)
                              /opt/st/stm32cubeide_1.7.0/plugins/com.st.stm32cube.ide.mcu.externaltools.gnu-tools-for-stm32.9-2020-q2-update.linux64_2.0.0.202105311346/tools/bin/../lib/gcc/arm-none-eabi/9.3.1/../../../../arm-none-eabi/lib/thumb/v7-m/nofp/crt0.o (memset)
/opt/st/stm32cubeide_1.7.0/plugins/com.st.stm32cube.ide.mcu.externaltools.gnu-tools-for-stm32.9-2020-q2-update.linux64_2.0.0.202105311346/tools/bin/../lib/gcc/arm-none-eabi/9.3.1/thumb/v7-m/nofp/libgcc.a(_arm_muldf3.o)
                              ./Drives/Src/uart.o (__aeabi_dmul)
/opt/st/stm32cubeide_1.7.0/plugins/com.st.stm32cube.ide.mcu.externaltools.gnu-tools-for-stm32.9-2020-q2-update.linux64_2.0.0.202105311346/tools/bin/../lib/gcc/arm-none-eabi/9.3.1/thumb/v7-m/nofp/libgcc.a(_arm_mulsf3.o)
                              ./Drives/Src/uart.o (__aeabi_fmul)
/opt/st/stm32cubeide_1.7.0/plugins/com.st.stm32cube.ide.mcu.externaltools.gnu-tools-for-stm32.9-2020-q2-update.linux64_2.0.0.202105311346/tools/bin/../lib/gcc/arm-none-eabi/9.3.1/thumb/v7-m/nofp/libgcc.a(_arm_addsubdf3.o)
                              ./Drives/Src/uart.o (__aeabi_ui2d)
/opt/st/stm32cubeide_1.7.0/plugins/com.st.stm32cube.ide.mcu.externaltools.gnu-tools-for-stm32.9-2020-q2-update.linux64_2.0.0.202105311346/tools/bin/../lib/gcc/arm-none-eabi/9.3.1/thumb/v7-m/nofp/libgcc.a(_arm_muldivdf3.o)
                              ./Drives/Src/uart.o (__aeabi_ddiv)
/opt/st/stm32cubeide_1.7.0/plugins/com.st.stm32cube.ide.mcu.externaltools.gnu-tools-for-stm32.9-2020-q2-update.linux64_2.0.0.202105311346/tools/bin/../lib/gcc/arm-none-eabi/9.3.1/thumb/v7-m/nofp/libgcc.a(_arm_truncdfsf2.o)
                              ./Drives/Src/uart.o (__aeabi_d2f)
/opt/st/stm32cubeide_1.7.0/plugins/com.st.stm32cube.ide.mcu.externaltools.gnu-tools-for-stm32.9-2020-q2-update.linux64_2.0.0.202105311346/tools/bin/../lib/gcc/arm-none-eabi/9.3.1/thumb/v7-m/nofp/libgcc.a(_arm_addsubsf3.o)
                              ./Drives/Src/uart.o (__aeabi_fsub)
/opt/st/stm32cubeide_1.7.0/plugins/com.st.stm32cube.ide.mcu.externaltools.gnu-tools-for-stm32.9-2020-q2-update.linux64_2.0.0.202105311346/tools/bin/../lib/gcc/arm-none-eabi/9.3.1/thumb/v7-m/nofp/libgcc.a(_arm_fixunssfsi.o)
                              ./Drives/Src/uart.o (__aeabi_f2uiz)

Allocating common symbols
Common symbol       size              file

recv                0x1               ./Drives/Src/sim800l.o

Discarded input sections

 .text          0x0000000000000000        0x0 /opt/st/stm32cubeide_1.7.0/plugins/com.st.stm32cube.ide.mcu.externaltools.gnu-tools-for-stm32.9-2020-q2-update.linux64_2.0.0.202105311346/tools/bin/../lib/gcc/arm-none-eabi/9.3.1/thumb/v7-m/nofp/crti.o
 .data          0x0000000000000000        0x0 /opt/st/stm32cubeide_1.7.0/plugins/com.st.stm32cube.ide.mcu.externaltools.gnu-tools-for-stm32.9-2020-q2-update.linux64_2.0.0.202105311346/tools/bin/../lib/gcc/arm-none-eabi/9.3.1/thumb/v7-m/nofp/crti.o
 .bss           0x0000000000000000        0x0 /opt/st/stm32cubeide_1.7.0/plugins/com.st.stm32cube.ide.mcu.externaltools.gnu-tools-for-stm32.9-2020-q2-update.linux64_2.0.0.202105311346/tools/bin/../lib/gcc/arm-none-eabi/9.3.1/thumb/v7-m/nofp/crti.o
 .data          0x0000000000000000        0x4 /opt/st/stm32cubeide_1.7.0/plugins/com.st.stm32cube.ide.mcu.externaltools.gnu-tools-for-stm32.9-2020-q2-update.linux64_2.0.0.202105311346/tools/bin/../lib/gcc/arm-none-eabi/9.3.1/thumb/v7-m/nofp/crtbegin.o
 .text          0x0000000000000000       0x7c /opt/st/stm32cubeide_1.7.0/plugins/com.st.stm32cube.ide.mcu.externaltools.gnu-tools-for-stm32.9-2020-q2-update.linux64_2.0.0.202105311346/tools/bin/../lib/gcc/arm-none-eabi/9.3.1/../../../../arm-none-eabi/lib/thumb/v7-m/nofp/crt0.o
 .data          0x0000000000000000        0x0 /opt/st/stm32cubeide_1.7.0/plugins/com.st.stm32cube.ide.mcu.externaltools.gnu-tools-for-stm32.9-2020-q2-update.linux64_2.0.0.202105311346/tools/bin/../lib/gcc/arm-none-eabi/9.3.1/../../../../arm-none-eabi/lib/thumb/v7-m/nofp/crt0.o
 .bss           0x0000000000000000        0x0 /opt/st/stm32cubeide_1.7.0/plugins/com.st.stm32cube.ide.mcu.externaltools.gnu-tools-for-stm32.9-2020-q2-update.linux64_2.0.0.202105311346/tools/bin/../lib/gcc/arm-none-eabi/9.3.1/../../../../arm-none-eabi/lib/thumb/v7-m/nofp/crt0.o
 .ARM.extab     0x0000000000000000        0x0 /opt/st/stm32cubeide_1.7.0/plugins/com.st.stm32cube.ide.mcu.externaltools.gnu-tools-for-stm32.9-2020-q2-update.linux64_2.0.0.202105311346/tools/bin/../lib/gcc/arm-none-eabi/9.3.1/../../../../arm-none-eabi/lib/thumb/v7-m/nofp/crt0.o
 .ARM.exidx     0x0000000000000000       0x10 /opt/st/stm32cubeide_1.7.0/plugins/com.st.stm32cube.ide.mcu.externaltools.gnu-tools-for-stm32.9-2020-q2-update.linux64_2.0.0.202105311346/tools/bin/../lib/gcc/arm-none-eabi/9.3.1/../../../../arm-none-eabi/lib/thumb/v7-m/nofp/crt0.o
 .ARM.attributes
                0x0000000000000000       0x1b /opt/st/stm32cubeide_1.7.0/plugins/com.st.stm32cube.ide.mcu.externaltools.gnu-tools-for-stm32.9-2020-q2-update.linux64_2.0.0.202105311346/tools/bin/../lib/gcc/arm-none-eabi/9.3.1/../../../../arm-none-eabi/lib/thumb/v7-m/nofp/crt0.o
 .group         0x0000000000000000        0xc ./Drives/Src/delay.o
 .group         0x0000000000000000        0xc ./Drives/Src/delay.o
 .group         0x0000000000000000        0xc ./Drives/Src/delay.o
 .group         0x0000000000000000        0xc ./Drives/Src/delay.o
 .group         0x0000000000000000        0xc ./Drives/Src/delay.o
 .group         0x0000000000000000        0xc ./Drives/Src/delay.o
 .group         0x0000000000000000        0xc ./Drives/Src/delay.o
 .text          0x0000000000000000        0x0 ./Drives/Src/delay.o
 .data          0x0000000000000000        0x0 ./Drives/Src/delay.o
 .bss           0x0000000000000000        0x0 ./Drives/Src/delay.o
 .text.delayMs  0x0000000000000000       0x48 ./Drives/Src/delay.o
 .debug_info    0x0000000000000000       0xc8 ./Drives/Src/delay.o
 .debug_abbrev  0x0000000000000000       0x78 ./Drives/Src/delay.o
 .debug_aranges
                0x0000000000000000       0x20 ./Drives/Src/delay.o
 .debug_ranges  0x0000000000000000       0x10 ./Drives/Src/delay.o
 .debug_macro   0x0000000000000000       0x6d ./Drives/Src/delay.o
 .debug_macro   0x0000000000000000      0xaa2 ./Drives/Src/delay.o
 .debug_macro   0x0000000000000000       0x22 ./Drives/Src/delay.o
 .debug_macro   0x0000000000000000       0x8e ./Drives/Src/delay.o
 .debug_macro   0x0000000000000000       0x51 ./Drives/Src/delay.o
 .debug_macro   0x0000000000000000      0x103 ./Drives/Src/delay.o
 .debug_macro   0x0000000000000000       0x6a ./Drives/Src/delay.o
 .debug_macro   0x0000000000000000      0x1df ./Drives/Src/delay.o
 .debug_line    0x0000000000000000      0x3ca ./Drives/Src/delay.o
 .debug_str     0x0000000000000000     0x3cb5 ./Drives/Src/delay.o
 .comment       0x0000000000000000       0x54 ./Drives/Src/delay.o
 .debug_frame   0x0000000000000000       0x38 ./Drives/Src/delay.o
 .ARM.attributes
                0x0000000000000000       0x2d ./Drives/Src/delay.o
 .group         0x0000000000000000        0xc ./Drives/Src/sim800l.o
 .group         0x0000000000000000        0xc ./Drives/Src/sim800l.o
 .group         0x0000000000000000        0xc ./Drives/Src/sim800l.o
 .group         0x0000000000000000        0xc ./Drives/Src/sim800l.o
 .group         0x0000000000000000        0xc ./Drives/Src/sim800l.o
 .group         0x0000000000000000        0xc ./Drives/Src/sim800l.o
 .group         0x0000000000000000        0xc ./Drives/Src/sim800l.o
 .group         0x0000000000000000        0xc ./Drives/Src/sim800l.o
 .group         0x0000000000000000        0xc ./Drives/Src/sim800l.o
 .group         0x0000000000000000        0xc ./Drives/Src/sim800l.o
 .group         0x0000000000000000        0xc ./Drives/Src/sim800l.o
 .group         0x0000000000000000        0xc ./Drives/Src/sim800l.o
 .text          0x0000000000000000        0x0 ./Drives/Src/sim800l.o
 .data          0x0000000000000000        0x0 ./Drives/Src/sim800l.o
 .bss           0x0000000000000000        0x0 ./Drives/Src/sim800l.o
 .text.SIM900_send_string
                0x0000000000000000       0x1c ./Drives/Src/sim800l.o
 .debug_macro   0x0000000000000000      0xaa2 ./Drives/Src/sim800l.o
 .debug_macro   0x0000000000000000       0x22 ./Drives/Src/sim800l.o
 .debug_macro   0x0000000000000000       0x8e ./Drives/Src/sim800l.o
 .debug_macro   0x0000000000000000       0x51 ./Drives/Src/sim800l.o
 .debug_macro   0x0000000000000000      0x103 ./Drives/Src/sim800l.o
 .debug_macro   0x0000000000000000       0x6a ./Drives/Src/sim800l.o
 .debug_macro   0x0000000000000000      0x1df ./Drives/Src/sim800l.o
 .group         0x0000000000000000        0xc ./Drives/Src/uart.o
 .group         0x0000000000000000        0xc ./Drives/Src/uart.o
 .group         0x0000000000000000        0xc ./Drives/Src/uart.o
 .group         0x0000000000000000        0xc ./Drives/Src/uart.o
 .group         0x0000000000000000        0xc ./Drives/Src/uart.o
 .group         0x0000000000000000        0xc ./Drives/Src/uart.o
 .group         0x0000000000000000        0xc ./Drives/Src/uart.o
 .group         0x0000000000000000        0xc ./Drives/Src/uart.o
 .group         0x0000000000000000        0xc ./Drives/Src/uart.o
 .group         0x0000000000000000        0xc ./Drives/Src/uart.o
 .group         0x0000000000000000        0xc ./Drives/Src/uart.o
 .text          0x0000000000000000        0x0 ./Drives/Src/uart.o
 .data          0x0000000000000000        0x0 ./Drives/Src/uart.o
 .bss           0x0000000000000000        0x0 ./Drives/Src/uart.o
 .text.Uart_SendString
                0x0000000000000000       0x3c ./Drives/Src/uart.o
 .text.Uart_SendBytes
                0x0000000000000000       0x3a ./Drives/Src/uart.o
 .text.Uart_ReceiveByte_Unblock
                0x0000000000000000       0x38 ./Drives/Src/uart.o
 .text.Uart_ReceiveBytes
                0x0000000000000000       0x70 ./Drives/Src/uart.o
 .text.Uart_ReceiveBytes_Del
                0x0000000000000000       0x88 ./Drives/Src/uart.o
 .debug_macro   0x0000000000000000      0xaa2 ./Drives/Src/uart.o
 .debug_macro   0x0000000000000000       0x5c ./Drives/Src/uart.o
 .debug_macro   0x0000000000000000       0x22 ./Drives/Src/uart.o
 .debug_macro   0x0000000000000000       0x22 ./Drives/Src/uart.o
 .debug_macro   0x0000000000000000       0x8e ./Drives/Src/uart.o
 .debug_macro   0x0000000000000000       0x51 ./Drives/Src/uart.o
 .debug_macro   0x0000000000000000      0x103 ./Drives/Src/uart.o
 .debug_macro   0x0000000000000000       0x6a ./Drives/Src/uart.o
 .debug_macro   0x0000000000000000      0x1df ./Drives/Src/uart.o
 .debug_macro   0x0000000000000000      0x69f ./Drives/Src/uart.o
 .debug_macro   0x0000000000000000     0x7da9 ./Drives/Src/uart.o
 .group         0x0000000000000000        0xc ./Libraries/CMSIS/core_cm3.o
 .group         0x0000000000000000        0xc ./Libraries/CMSIS/core_cm3.o
 .group         0x0000000000000000        0xc ./Libraries/CMSIS/core_cm3.o
 .group         0x0000000000000000        0xc ./Libraries/CMSIS/core_cm3.o
 .group         0x0000000000000000        0xc ./Libraries/CMSIS/core_cm3.o
 .group         0x0000000000000000        0xc ./Libraries/CMSIS/core_cm3.o
 .group         0x0000000000000000        0xc ./Libraries/CMSIS/core_cm3.o
 .text          0x0000000000000000        0x0 ./Libraries/CMSIS/core_cm3.o
 .data          0x0000000000000000        0x0 ./Libraries/CMSIS/core_cm3.o
 .bss           0x0000000000000000        0x0 ./Libraries/CMSIS/core_cm3.o
 .text.__get_PSP
                0x0000000000000000       0x10 ./Libraries/CMSIS/core_cm3.o
 .text.__set_PSP
                0x0000000000000000        0xa ./Libraries/CMSIS/core_cm3.o
 .text.__get_MSP
                0x0000000000000000       0x10 ./Libraries/CMSIS/core_cm3.o
 .text.__set_MSP
                0x0000000000000000        0xa ./Libraries/CMSIS/core_cm3.o
 .text.__get_BASEPRI
                0x0000000000000000       0x1c ./Libraries/CMSIS/core_cm3.o
 .text.__set_BASEPRI
                0x0000000000000000       0x18 ./Libraries/CMSIS/core_cm3.o
 .text.__get_PRIMASK
                0x0000000000000000       0x1c ./Libraries/CMSIS/core_cm3.o
 .text.__set_PRIMASK
                0x0000000000000000       0x18 ./Libraries/CMSIS/core_cm3.o
 .text.__get_FAULTMASK
                0x0000000000000000       0x1c ./Libraries/CMSIS/core_cm3.o
 .text.__set_FAULTMASK
                0x0000000000000000       0x18 ./Libraries/CMSIS/core_cm3.o
 .text.__get_CONTROL
                0x0000000000000000       0x1c ./Libraries/CMSIS/core_cm3.o
 .text.__set_CONTROL
                0x0000000000000000       0x18 ./Libraries/CMSIS/core_cm3.o
 .text.__REV    0x0000000000000000       0x1e ./Libraries/CMSIS/core_cm3.o
 .text.__REV16  0x0000000000000000       0x20 ./Libraries/CMSIS/core_cm3.o
 .text.__REVSH  0x0000000000000000       0x20 ./Libraries/CMSIS/core_cm3.o
 .text.__RBIT   0x0000000000000000       0x20 ./Libraries/CMSIS/core_cm3.o
 .text.__LDREXB
                0x0000000000000000       0x20 ./Libraries/CMSIS/core_cm3.o
 .text.__LDREXH
                0x0000000000000000       0x20 ./Libraries/CMSIS/core_cm3.o
 .text.__LDREXW
                0x0000000000000000       0x20 ./Libraries/CMSIS/core_cm3.o
 .text.__STREXB
                0x0000000000000000       0x26 ./Libraries/CMSIS/core_cm3.o
 .text.__STREXH
                0x0000000000000000       0x26 ./Libraries/CMSIS/core_cm3.o
 .text.__STREXW
                0x0000000000000000       0x24 ./Libraries/CMSIS/core_cm3.o
 .debug_info    0x0000000000000000      0x572 ./Libraries/CMSIS/core_cm3.o
 .debug_abbrev  0x0000000000000000       0xbd ./Libraries/CMSIS/core_cm3.o
 .debug_aranges
                0x0000000000000000       0xc8 ./Libraries/CMSIS/core_cm3.o
 .debug_ranges  0x0000000000000000       0xb8 ./Libraries/CMSIS/core_cm3.o
 .debug_macro   0x0000000000000000       0x6f ./Libraries/CMSIS/core_cm3.o
 .debug_macro   0x0000000000000000      0xaa2 ./Libraries/CMSIS/core_cm3.o
 .debug_macro   0x0000000000000000       0x22 ./Libraries/CMSIS/core_cm3.o
 .debug_macro   0x0000000000000000       0x8e ./Libraries/CMSIS/core_cm3.o
 .debug_macro   0x0000000000000000       0x51 ./Libraries/CMSIS/core_cm3.o
 .debug_macro   0x0000000000000000      0x103 ./Libraries/CMSIS/core_cm3.o
 .debug_macro   0x0000000000000000       0x6a ./Libraries/CMSIS/core_cm3.o
 .debug_macro   0x0000000000000000      0x1df ./Libraries/CMSIS/core_cm3.o
 .debug_line    0x0000000000000000      0x5c9 ./Libraries/CMSIS/core_cm3.o
 .debug_str     0x0000000000000000     0x3e33 ./Libraries/CMSIS/core_cm3.o
 .comment       0x0000000000000000       0x54 ./Libraries/CMSIS/core_cm3.o
 .debug_frame   0x0000000000000000      0x320 ./Libraries/CMSIS/core_cm3.o
 .ARM.attributes
                0x0000000000000000       0x2d ./Libraries/CMSIS/core_cm3.o
 .group         0x0000000000000000        0xc ./Libraries/ST/STM32F10x/system_stm32f10x.o
 .group         0x0000000000000000        0xc ./Libraries/ST/STM32F10x/system_stm32f10x.o
 .group         0x0000000000000000        0xc ./Libraries/ST/STM32F10x/system_stm32f10x.o
 .group         0x0000000000000000        0xc ./Libraries/ST/STM32F10x/system_stm32f10x.o
 .group         0x0000000000000000        0xc ./Libraries/ST/STM32F10x/system_stm32f10x.o
 .group         0x0000000000000000        0xc ./Libraries/ST/STM32F10x/system_stm32f10x.o
 .group         0x0000000000000000        0xc ./Libraries/ST/STM32F10x/system_stm32f10x.o
 .group         0x0000000000000000        0xc ./Libraries/ST/STM32F10x/system_stm32f10x.o
 .group         0x0000000000000000        0xc ./Libraries/ST/STM32F10x/system_stm32f10x.o
 .group         0x0000000000000000        0xc ./Libraries/ST/STM32F10x/system_stm32f10x.o
 .group         0x0000000000000000        0xc ./Libraries/ST/STM32F10x/system_stm32f10x.o
 .text          0x0000000000000000        0x0 ./Libraries/ST/STM32F10x/system_stm32f10x.o
 .data          0x0000000000000000        0x0 ./Libraries/ST/STM32F10x/system_stm32f10x.o
 .bss           0x0000000000000000        0x0 ./Libraries/ST/STM32F10x/system_stm32f10x.o
 .data.AHBPrescTable
                0x0000000000000000       0x10 ./Libraries/ST/STM32F10x/system_stm32f10x.o
 .text.SystemCoreClockUpdate
                0x0000000000000000       0xe4 ./Libraries/ST/STM32F10x/system_stm32f10x.o
 .debug_macro   0x0000000000000000      0xaa2 ./Libraries/ST/STM32F10x/system_stm32f10x.o
 .debug_macro   0x0000000000000000       0x5c ./Libraries/ST/STM32F10x/system_stm32f10x.o
 .debug_macro   0x0000000000000000       0x22 ./Libraries/ST/STM32F10x/system_stm32f10x.o
 .debug_macro   0x0000000000000000       0x22 ./Libraries/ST/STM32F10x/system_stm32f10x.o
 .debug_macro   0x0000000000000000       0x8e ./Libraries/ST/STM32F10x/system_stm32f10x.o
 .debug_macro   0x0000000000000000       0x51 ./Libraries/ST/STM32F10x/system_stm32f10x.o
 .debug_macro   0x0000000000000000      0x103 ./Libraries/ST/STM32F10x/system_stm32f10x.o
 .debug_macro   0x0000000000000000       0x6a ./Libraries/ST/STM32F10x/system_stm32f10x.o
 .debug_macro   0x0000000000000000      0x1df ./Libraries/ST/STM32F10x/system_stm32f10x.o
 .debug_macro   0x0000000000000000      0x69f ./Libraries/ST/STM32F10x/system_stm32f10x.o
 .debug_macro   0x0000000000000000     0x7da9 ./Libraries/ST/STM32F10x/system_stm32f10x.o
 .group         0x0000000000000000        0xc ./Src/main.o
 .group         0x0000000000000000        0xc ./Src/main.o
 .group         0x0000000000000000        0xc ./Src/main.o
 .group         0x0000000000000000        0xc ./Src/main.o
 .group         0x0000000000000000        0xc ./Src/main.o
 .group         0x0000000000000000        0xc ./Src/main.o
 .group         0x0000000000000000        0xc ./Src/main.o
 .group         0x0000000000000000        0xc ./Src/main.o
 .group         0x0000000000000000        0xc ./Src/main.o
 .group         0x0000000000000000        0xc ./Src/main.o
 .group         0x0000000000000000        0xc ./Src/main.o
 .text          0x0000000000000000        0x0 ./Src/main.o
 .data          0x0000000000000000        0x0 ./Src/main.o
 .bss           0x0000000000000000        0x0 ./Src/main.o
 .debug_macro   0x0000000000000000      0xaa2 ./Src/main.o
 .debug_macro   0x0000000000000000       0x22 ./Src/main.o
 .debug_macro   0x0000000000000000       0x8e ./Src/main.o
 .debug_macro   0x0000000000000000       0x51 ./Src/main.o
 .debug_macro   0x0000000000000000      0x103 ./Src/main.o
 .debug_macro   0x0000000000000000       0x6a ./Src/main.o
 .debug_macro   0x0000000000000000      0x1df ./Src/main.o
 .debug_macro   0x0000000000000000       0x5c ./Src/main.o
 .debug_macro   0x0000000000000000     0x7da9 ./Src/main.o
 .debug_macro   0x0000000000000000       0x28 ./Src/main.o
 .group         0x0000000000000000        0xc ./Src/syscalls.o
 .group         0x0000000000000000        0xc ./Src/syscalls.o
 .group         0x0000000000000000        0xc ./Src/syscalls.o
 .group         0x0000000000000000        0xc ./Src/syscalls.o
 .group         0x0000000000000000        0xc ./Src/syscalls.o
 .group         0x0000000000000000        0xc ./Src/syscalls.o
 .group         0x0000000000000000        0xc ./Src/syscalls.o
 .group         0x0000000000000000        0xc ./Src/syscalls.o
 .group         0x0000000000000000        0xc ./Src/syscalls.o
 .group         0x0000000000000000        0xc ./Src/syscalls.o
 .group         0x0000000000000000        0xc ./Src/syscalls.o
 .group         0x0000000000000000        0xc ./Src/syscalls.o
 .group         0x0000000000000000        0xc ./Src/syscalls.o
 .group         0x0000000000000000        0xc ./Src/syscalls.o
 .group         0x0000000000000000        0xc ./Src/syscalls.o
 .group         0x0000000000000000        0xc ./Src/syscalls.o
 .group         0x0000000000000000        0xc ./Src/syscalls.o
 .group         0x0000000000000000        0xc ./Src/syscalls.o
 .group         0x0000000000000000        0xc ./Src/syscalls.o
 .group         0x0000000000000000        0xc ./Src/syscalls.o
 .group         0x0000000000000000        0xc ./Src/syscalls.o
 .group         0x0000000000000000        0xc ./Src/syscalls.o
 .group         0x0000000000000000        0xc ./Src/syscalls.o
 .group         0x0000000000000000        0xc ./Src/syscalls.o
 .group         0x0000000000000000        0xc ./Src/syscalls.o
 .group         0x0000000000000000        0xc ./Src/syscalls.o
 .group         0x0000000000000000        0xc ./Src/syscalls.o
 .group         0x0000000000000000        0xc ./Src/syscalls.o
 .group         0x0000000000000000        0xc ./Src/syscalls.o
 .group         0x0000000000000000        0xc ./Src/syscalls.o
 .group         0x0000000000000000        0xc ./Src/syscalls.o
 .group         0x0000000000000000        0xc ./Src/syscalls.o
 .group         0x0000000000000000        0xc ./Src/syscalls.o
 .group         0x0000000000000000        0xc ./Src/syscalls.o
 .group         0x0000000000000000        0xc ./Src/syscalls.o
 .group         0x0000000000000000        0xc ./Src/syscalls.o
 .group         0x0000000000000000        0xc ./Src/syscalls.o
 .group         0x0000000000000000        0xc ./Src/syscalls.o
 .group         0x0000000000000000        0xc ./Src/syscalls.o
 .group         0x0000000000000000        0xc ./Src/syscalls.o
 .group         0x0000000000000000        0xc ./Src/syscalls.o
 .group         0x0000000000000000        0xc ./Src/syscalls.o
 .group         0x0000000000000000        0xc ./Src/syscalls.o
 .group         0x0000000000000000        0xc ./Src/syscalls.o
 .group         0x0000000000000000        0xc ./Src/syscalls.o
 .group         0x0000000000000000        0xc ./Src/syscalls.o
 .group         0x0000000000000000        0xc ./Src/syscalls.o
 .text          0x0000000000000000        0x0 ./Src/syscalls.o
 .data          0x0000000000000000        0x0 ./Src/syscalls.o
 .bss           0x0000000000000000        0x0 ./Src/syscalls.o
 .bss.__env     0x0000000000000000        0x4 ./Src/syscalls.o
 .data.environ  0x0000000000000000        0x4 ./Src/syscalls.o
 .text.initialise_monitor_handles
                0x0000000000000000        0xc ./Src/syscalls.o
 .text._getpid  0x0000000000000000        0xe ./Src/syscalls.o
 .text._kill    0x0000000000000000       0x20 ./Src/syscalls.o
 .text._exit    0x0000000000000000       0x14 ./Src/syscalls.o
 .text._read    0x0000000000000000       0x3a ./Src/syscalls.o
 .text._write   0x0000000000000000       0x38 ./Src/syscalls.o
 .text._close   0x0000000000000000       0x16 ./Src/syscalls.o
 .text._fstat   0x0000000000000000       0x1e ./Src/syscalls.o
 .text._isatty  0x0000000000000000       0x14 ./Src/syscalls.o
 .text._lseek   0x0000000000000000       0x18 ./Src/syscalls.o
 .text._open    0x0000000000000000       0x1a ./Src/syscalls.o
 .text._wait    0x0000000000000000       0x1e ./Src/syscalls.o
 .text._unlink  0x0000000000000000       0x1e ./Src/syscalls.o
 .text._times   0x0000000000000000       0x16 ./Src/syscalls.o
 .text._stat    0x0000000000000000       0x1e ./Src/syscalls.o
 .text._link    0x0000000000000000       0x20 ./Src/syscalls.o
 .text._fork    0x0000000000000000       0x16 ./Src/syscalls.o
 .text._execve  0x0000000000000000       0x22 ./Src/syscalls.o
 .debug_info    0x0000000000000000      0xfa8 ./Src/syscalls.o
 .debug_abbrev  0x0000000000000000      0x286 ./Src/syscalls.o
 .debug_aranges
                0x0000000000000000       0xa8 ./Src/syscalls.o
 .debug_ranges  0x0000000000000000       0x98 ./Src/syscalls.o
 .debug_macro   0x0000000000000000      0x24c ./Src/syscalls.o
 .debug_macro   0x0000000000000000      0xaa2 ./Src/syscalls.o
 .debug_macro   0x0000000000000000       0x22 ./Src/syscalls.o
 .debug_macro   0x0000000000000000       0x4c ./Src/syscalls.o
 .debug_macro   0x0000000000000000       0x18 ./Src/syscalls.o
 .debug_macro   0x0000000000000000       0x94 ./Src/syscalls.o
 .debug_macro   0x0000000000000000       0x3c ./Src/syscalls.o
 .debug_macro   0x0000000000000000       0x34 ./Src/syscalls.o
 .debug_macro   0x0000000000000000       0x57 ./Src/syscalls.o
 .debug_macro   0x0000000000000000      0x174 ./Src/syscalls.o
 .debug_macro   0x0000000000000000      0x339 ./Src/syscalls.o
 .debug_macro   0x0000000000000000       0x16 ./Src/syscalls.o
 .debug_macro   0x0000000000000000       0x43 ./Src/syscalls.o
 .debug_macro   0x0000000000000000       0x34 ./Src/syscalls.o
 .debug_macro   0x0000000000000000       0x10 ./Src/syscalls.o
 .debug_macro   0x0000000000000000       0x58 ./Src/syscalls.o
 .debug_macro   0x0000000000000000       0x71 ./Src/syscalls.o
 .debug_macro   0x0000000000000000       0x1c ./Src/syscalls.o
 .debug_macro   0x0000000000000000      0x12a ./Src/syscalls.o
 .debug_macro   0x0000000000000000       0x10 ./Src/syscalls.o
 .debug_macro   0x0000000000000000       0x35 ./Src/syscalls.o
 .debug_macro   0x0000000000000000       0x10 ./Src/syscalls.o
 .debug_macro   0x0000000000000000       0x10 ./Src/syscalls.o
 .debug_macro   0x0000000000000000       0x10 ./Src/syscalls.o
 .debug_macro   0x0000000000000000       0x6a ./Src/syscalls.o
 .debug_macro   0x0000000000000000       0x1c ./Src/syscalls.o
 .debug_macro   0x0000000000000000       0x52 ./Src/syscalls.o
 .debug_macro   0x0000000000000000       0x22 ./Src/syscalls.o
 .debug_macro   0x0000000000000000       0x10 ./Src/syscalls.o
 .debug_macro   0x0000000000000000       0x40 ./Src/syscalls.o
 .debug_macro   0x0000000000000000       0xd5 ./Src/syscalls.o
 .debug_macro   0x0000000000000000       0x1c ./Src/syscalls.o
 .debug_macro   0x0000000000000000       0x3d ./Src/syscalls.o
 .debug_macro   0x0000000000000000       0x35 ./Src/syscalls.o
 .debug_macro   0x0000000000000000      0x12c ./Src/syscalls.o
 .debug_macro   0x0000000000000000       0x16 ./Src/syscalls.o
 .debug_macro   0x0000000000000000       0x16 ./Src/syscalls.o
 .debug_macro   0x0000000000000000       0x29 ./Src/syscalls.o
 .debug_macro   0x0000000000000000       0x10 ./Src/syscalls.o
 .debug_macro   0x0000000000000000      0x241 ./Src/syscalls.o
 .debug_macro   0x0000000000000000       0x1c ./Src/syscalls.o
 .debug_macro   0x0000000000000000       0x10 ./Src/syscalls.o
 .debug_macro   0x0000000000000000       0x10 ./Src/syscalls.o
 .debug_macro   0x0000000000000000       0x16 ./Src/syscalls.o
 .debug_macro   0x0000000000000000      0x145 ./Src/syscalls.o
 .debug_macro   0x0000000000000000      0x189 ./Src/syscalls.o
 .debug_macro   0x0000000000000000       0x16 ./Src/syscalls.o
 .debug_macro   0x0000000000000000       0xce ./Src/syscalls.o
 .debug_line    0x0000000000000000      0x7d0 ./Src/syscalls.o
 .debug_str     0x0000000000000000     0x8e71 ./Src/syscalls.o
 .comment       0x0000000000000000       0x54 ./Src/syscalls.o
 .debug_frame   0x0000000000000000      0x2ac ./Src/syscalls.o
 .ARM.attributes
                0x0000000000000000       0x2d ./Src/syscalls.o
 .group         0x0000000000000000        0xc ./Src/sysmem.o
 .group         0x0000000000000000        0xc ./Src/sysmem.o
 .group         0x0000000000000000        0xc ./Src/sysmem.o
 .group         0x0000000000000000        0xc ./Src/sysmem.o
 .group         0x0000000000000000        0xc ./Src/sysmem.o
 .group         0x0000000000000000        0xc ./Src/sysmem.o
 .group         0x0000000000000000        0xc ./Src/sysmem.o
 .group         0x0000000000000000        0xc ./Src/sysmem.o
 .group         0x0000000000000000        0xc ./Src/sysmem.o
 .group         0x0000000000000000        0xc ./Src/sysmem.o
 .group         0x0000000000000000        0xc ./Src/sysmem.o
 .group         0x0000000000000000        0xc ./Src/sysmem.o
 .group         0x0000000000000000        0xc ./Src/sysmem.o
 .group         0x0000000000000000        0xc ./Src/sysmem.o
 .group         0x0000000000000000        0xc ./Src/sysmem.o
 .group         0x0000000000000000        0xc ./Src/sysmem.o
 .group         0x0000000000000000        0xc ./Src/sysmem.o
 .group         0x0000000000000000        0xc ./Src/sysmem.o
 .group         0x0000000000000000        0xc ./Src/sysmem.o
 .group         0x0000000000000000        0xc ./Src/sysmem.o
 .group         0x0000000000000000        0xc ./Src/sysmem.o
 .group         0x0000000000000000        0xc ./Src/sysmem.o
 .text          0x0000000000000000        0x0 ./Src/sysmem.o
 .data          0x0000000000000000        0x0 ./Src/sysmem.o
 .bss           0x0000000000000000        0x0 ./Src/sysmem.o
 .bss.__sbrk_heap_end
                0x0000000000000000        0x4 ./Src/sysmem.o
 .text._sbrk    0x0000000000000000       0x6c ./Src/sysmem.o
 .debug_info    0x0000000000000000      0xa25 ./Src/sysmem.o
 .debug_abbrev  0x0000000000000000      0x1bf ./Src/sysmem.o
 .debug_aranges
                0x0000000000000000       0x20 ./Src/sysmem.o
 .debug_ranges  0x0000000000000000       0x10 ./Src/sysmem.o
 .debug_macro   0x0000000000000000       0xff ./Src/sysmem.o
 .debug_macro   0x0000000000000000      0xaa2 ./Src/sysmem.o
 .debug_macro   0x0000000000000000       0x10 ./Src/sysmem.o
 .debug_macro   0x0000000000000000       0x22 ./Src/sysmem.o
 .debug_macro   0x0000000000000000       0x4c ./Src/sysmem.o
 .debug_macro   0x0000000000000000       0x18 ./Src/sysmem.o
 .debug_macro   0x0000000000000000       0x94 ./Src/sysmem.o
 .debug_macro   0x0000000000000000       0x3c ./Src/sysmem.o
 .debug_macro   0x0000000000000000       0x34 ./Src/sysmem.o
 .debug_macro   0x0000000000000000      0x174 ./Src/sysmem.o
 .debug_macro   0x0000000000000000       0x16 ./Src/sysmem.o
 .debug_macro   0x0000000000000000       0x43 ./Src/sysmem.o
 .debug_macro   0x0000000000000000       0x57 ./Src/sysmem.o
 .debug_macro   0x0000000000000000       0x34 ./Src/sysmem.o
 .debug_macro   0x0000000000000000       0x10 ./Src/sysmem.o
 .debug_macro   0x0000000000000000       0x58 ./Src/sysmem.o
 .debug_macro   0x0000000000000000       0x71 ./Src/sysmem.o
 .debug_macro   0x0000000000000000       0x1c ./Src/sysmem.o
 .debug_macro   0x0000000000000000      0x12a ./Src/sysmem.o
 .debug_macro   0x0000000000000000      0x23b ./Src/sysmem.o
 .debug_macro   0x0000000000000000      0x103 ./Src/sysmem.o
 .debug_macro   0x0000000000000000       0x6a ./Src/sysmem.o
 .debug_macro   0x0000000000000000      0x1df ./Src/sysmem.o
 .debug_line    0x0000000000000000      0x4c6 ./Src/sysmem.o
 .debug_str     0x0000000000000000     0x6244 ./Src/sysmem.o
 .comment       0x0000000000000000       0x54 ./Src/sysmem.o
 .debug_frame   0x0000000000000000       0x34 ./Src/sysmem.o
 .ARM.attributes
                0x0000000000000000       0x2d ./Src/sysmem.o
 .text          0x0000000000000000       0x14 ./Startup/startup_stm32f103c4tx.o
 .data          0x0000000000000000        0x0 ./Startup/startup_stm32f103c4tx.o
 .bss           0x0000000000000000        0x0 ./Startup/startup_stm32f103c4tx.o
 .text          0x0000000000000000        0x0 /opt/st/stm32cubeide_1.7.0/plugins/com.st.stm32cube.ide.mcu.externaltools.gnu-tools-for-stm32.9-2020-q2-update.linux64_2.0.0.202105311346/tools/bin/../lib/gcc/arm-none-eabi/9.3.1/../../../../arm-none-eabi/lib/thumb/v7-m/nofp/libc_nano.a(lib_a-errno.o)
 .data          0x0000000000000000        0x0 /opt/st/stm32cubeide_1.7.0/plugins/com.st.stm32cube.ide.mcu.externaltools.gnu-tools-for-stm32.9-2020-q2-update.linux64_2.0.0.202105311346/tools/bin/../lib/gcc/arm-none-eabi/9.3.1/../../../../arm-none-eabi/lib/thumb/v7-m/nofp/libc_nano.a(lib_a-errno.o)
 .bss           0x0000000000000000        0x0 /opt/st/stm32cubeide_1.7.0/plugins/com.st.stm32cube.ide.mcu.externaltools.gnu-tools-for-stm32.9-2020-q2-update.linux64_2.0.0.202105311346/tools/bin/../lib/gcc/arm-none-eabi/9.3.1/../../../../arm-none-eabi/lib/thumb/v7-m/nofp/libc_nano.a(lib_a-errno.o)
 .text.__errno  0x0000000000000000        0xc /opt/st/stm32cubeide_1.7.0/plugins/com.st.stm32cube.ide.mcu.externaltools.gnu-tools-for-stm32.9-2020-q2-update.linux64_2.0.0.202105311346/tools/bin/../lib/gcc/arm-none-eabi/9.3.1/../../../../arm-none-eabi/lib/thumb/v7-m/nofp/libc_nano.a(lib_a-errno.o)
 .debug_frame   0x0000000000000000       0x20 /opt/st/stm32cubeide_1.7.0/plugins/com.st.stm32cube.ide.mcu.externaltools.gnu-tools-for-stm32.9-2020-q2-update.linux64_2.0.0.202105311346/tools/bin/../lib/gcc/arm-none-eabi/9.3.1/../../../../arm-none-eabi/lib/thumb/v7-m/nofp/libc_nano.a(lib_a-errno.o)
 .ARM.attributes
                0x0000000000000000       0x2d /opt/st/stm32cubeide_1.7.0/plugins/com.st.stm32cube.ide.mcu.externaltools.gnu-tools-for-stm32.9-2020-q2-update.linux64_2.0.0.202105311346/tools/bin/../lib/gcc/arm-none-eabi/9.3.1/../../../../arm-none-eabi/lib/thumb/v7-m/nofp/libc_nano.a(lib_a-errno.o)
 .text          0x0000000000000000        0x0 /opt/st/stm32cubeide_1.7.0/plugins/com.st.stm32cube.ide.mcu.externaltools.gnu-tools-for-stm32.9-2020-q2-update.linux64_2.0.0.202105311346/tools/bin/../lib/gcc/arm-none-eabi/9.3.1/../../../../arm-none-eabi/lib/thumb/v7-m/nofp/libc_nano.a(lib_a-exit.o)
 .data          0x0000000000000000        0x0 /opt/st/stm32cubeide_1.7.0/plugins/com.st.stm32cube.ide.mcu.externaltools.gnu-tools-for-stm32.9-2020-q2-update.linux64_2.0.0.202105311346/tools/bin/../lib/gcc/arm-none-eabi/9.3.1/../../../../arm-none-eabi/lib/thumb/v7-m/nofp/libc_nano.a(lib_a-exit.o)
 .bss           0x0000000000000000        0x0 /opt/st/stm32cubeide_1.7.0/plugins/com.st.stm32cube.ide.mcu.externaltools.gnu-tools-for-stm32.9-2020-q2-update.linux64_2.0.0.202105311346/tools/bin/../lib/gcc/arm-none-eabi/9.3.1/../../../../arm-none-eabi/lib/thumb/v7-m/nofp/libc_nano.a(lib_a-exit.o)
 .text.exit     0x0000000000000000       0x28 /opt/st/stm32cubeide_1.7.0/plugins/com.st.stm32cube.ide.mcu.externaltools.gnu-tools-for-stm32.9-2020-q2-update.linux64_2.0.0.202105311346/tools/bin/../lib/gcc/arm-none-eabi/9.3.1/../../../../arm-none-eabi/lib/thumb/v7-m/nofp/libc_nano.a(lib_a-exit.o)
 .debug_frame   0x0000000000000000       0x28 /opt/st/stm32cubeide_1.7.0/plugins/com.st.stm32cube.ide.mcu.externaltools.gnu-tools-for-stm32.9-2020-q2-update.linux64_2.0.0.202105311346/tools/bin/../lib/gcc/arm-none-eabi/9.3.1/../../../../arm-none-eabi/lib/thumb/v7-m/nofp/libc_nano.a(lib_a-exit.o)
 .ARM.attributes
                0x0000000000000000       0x2d /opt/st/stm32cubeide_1.7.0/plugins/com.st.stm32cube.ide.mcu.externaltools.gnu-tools-for-stm32.9-2020-q2-update.linux64_2.0.0.202105311346/tools/bin/../lib/gcc/arm-none-eabi/9.3.1/../../../../arm-none-eabi/lib/thumb/v7-m/nofp/libc_nano.a(lib_a-exit.o)
 .text          0x0000000000000000        0x0 /opt/st/stm32cubeide_1.7.0/plugins/com.st.stm32cube.ide.mcu.externaltools.gnu-tools-for-stm32.9-2020-q2-update.linux64_2.0.0.202105311346/tools/bin/../lib/gcc/arm-none-eabi/9.3.1/../../../../arm-none-eabi/lib/thumb/v7-m/nofp/libc_nano.a(lib_a-impure.o)
 .data          0x0000000000000000        0x0 /opt/st/stm32cubeide_1.7.0/plugins/com.st.stm32cube.ide.mcu.externaltools.gnu-tools-for-stm32.9-2020-q2-update.linux64_2.0.0.202105311346/tools/bin/../lib/gcc/arm-none-eabi/9.3.1/../../../../arm-none-eabi/lib/thumb/v7-m/nofp/libc_nano.a(lib_a-impure.o)
 .bss           0x0000000000000000        0x0 /opt/st/stm32cubeide_1.7.0/plugins/com.st.stm32cube.ide.mcu.externaltools.gnu-tools-for-stm32.9-2020-q2-update.linux64_2.0.0.202105311346/tools/bin/../lib/gcc/arm-none-eabi/9.3.1/../../../../arm-none-eabi/lib/thumb/v7-m/nofp/libc_nano.a(lib_a-impure.o)
 .data._impure_ptr
                0x0000000000000000        0x4 /opt/st/stm32cubeide_1.7.0/plugins/com.st.stm32cube.ide.mcu.externaltools.gnu-tools-for-stm32.9-2020-q2-update.linux64_2.0.0.202105311346/tools/bin/../lib/gcc/arm-none-eabi/9.3.1/../../../../arm-none-eabi/lib/thumb/v7-m/nofp/libc_nano.a(lib_a-impure.o)
 .data.impure_data
                0x0000000000000000       0x60 /opt/st/stm32cubeide_1.7.0/plugins/com.st.stm32cube.ide.mcu.externaltools.gnu-tools-for-stm32.9-2020-q2-update.linux64_2.0.0.202105311346/tools/bin/../lib/gcc/arm-none-eabi/9.3.1/../../../../arm-none-eabi/lib/thumb/v7-m/nofp/libc_nano.a(lib_a-impure.o)
 .rodata._global_impure_ptr
                0x0000000000000000        0x4 /opt/st/stm32cubeide_1.7.0/plugins/com.st.stm32cube.ide.mcu.externaltools.gnu-tools-for-stm32.9-2020-q2-update.linux64_2.0.0.202105311346/tools/bin/../lib/gcc/arm-none-eabi/9.3.1/../../../../arm-none-eabi/lib/thumb/v7-m/nofp/libc_nano.a(lib_a-impure.o)
 .ARM.attributes
                0x0000000000000000       0x2d /opt/st/stm32cubeide_1.7.0/plugins/com.st.stm32cube.ide.mcu.externaltools.gnu-tools-for-stm32.9-2020-q2-update.linux64_2.0.0.202105311346/tools/bin/../lib/gcc/arm-none-eabi/9.3.1/../../../../arm-none-eabi/lib/thumb/v7-m/nofp/libc_nano.a(lib_a-impure.o)
 .text          0x0000000000000000        0x0 /opt/st/stm32cubeide_1.7.0/plugins/com.st.stm32cube.ide.mcu.externaltools.gnu-tools-for-stm32.9-2020-q2-update.linux64_2.0.0.202105311346/tools/bin/../lib/gcc/arm-none-eabi/9.3.1/../../../../arm-none-eabi/lib/thumb/v7-m/nofp/libc_nano.a(lib_a-init.o)
 .data          0x0000000000000000        0x0 /opt/st/stm32cubeide_1.7.0/plugins/com.st.stm32cube.ide.mcu.externaltools.gnu-tools-for-stm32.9-2020-q2-update.linux64_2.0.0.202105311346/tools/bin/../lib/gcc/arm-none-eabi/9.3.1/../../../../arm-none-eabi/lib/thumb/v7-m/nofp/libc_nano.a(lib_a-init.o)
 .bss           0x0000000000000000        0x0 /opt/st/stm32cubeide_1.7.0/plugins/com.st.stm32cube.ide.mcu.externaltools.gnu-tools-for-stm32.9-2020-q2-update.linux64_2.0.0.202105311346/tools/bin/../lib/gcc/arm-none-eabi/9.3.1/../../../../arm-none-eabi/lib/thumb/v7-m/nofp/libc_nano.a(lib_a-init.o)
 .text          0x0000000000000000        0x0 /opt/st/stm32cubeide_1.7.0/plugins/com.st.stm32cube.ide.mcu.externaltools.gnu-tools-for-stm32.9-2020-q2-update.linux64_2.0.0.202105311346/tools/bin/../lib/gcc/arm-none-eabi/9.3.1/../../../../arm-none-eabi/lib/thumb/v7-m/nofp/libc_nano.a(lib_a-memset.o)
 .data          0x0000000000000000        0x0 /opt/st/stm32cubeide_1.7.0/plugins/com.st.stm32cube.ide.mcu.externaltools.gnu-tools-for-stm32.9-2020-q2-update.linux64_2.0.0.202105311346/tools/bin/../lib/gcc/arm-none-eabi/9.3.1/../../../../arm-none-eabi/lib/thumb/v7-m/nofp/libc_nano.a(lib_a-memset.o)
 .bss           0x0000000000000000        0x0 /opt/st/stm32cubeide_1.7.0/plugins/com.st.stm32cube.ide.mcu.externaltools.gnu-tools-for-stm32.9-2020-q2-update.linux64_2.0.0.202105311346/tools/bin/../lib/gcc/arm-none-eabi/9.3.1/../../../../arm-none-eabi/lib/thumb/v7-m/nofp/libc_nano.a(lib_a-memset.o)
 .text.memset   0x0000000000000000       0x10 /opt/st/stm32cubeide_1.7.0/plugins/com.st.stm32cube.ide.mcu.externaltools.gnu-tools-for-stm32.9-2020-q2-update.linux64_2.0.0.202105311346/tools/bin/../lib/gcc/arm-none-eabi/9.3.1/../../../../arm-none-eabi/lib/thumb/v7-m/nofp/libc_nano.a(lib_a-memset.o)
 .debug_frame   0x0000000000000000       0x20 /opt/st/stm32cubeide_1.7.0/plugins/com.st.stm32cube.ide.mcu.externaltools.gnu-tools-for-stm32.9-2020-q2-update.linux64_2.0.0.202105311346/tools/bin/../lib/gcc/arm-none-eabi/9.3.1/../../../../arm-none-eabi/lib/thumb/v7-m/nofp/libc_nano.a(lib_a-memset.o)
 .ARM.attributes
                0x0000000000000000       0x2d /opt/st/stm32cubeide_1.7.0/plugins/com.st.stm32cube.ide.mcu.externaltools.gnu-tools-for-stm32.9-2020-q2-update.linux64_2.0.0.202105311346/tools/bin/../lib/gcc/arm-none-eabi/9.3.1/../../../../arm-none-eabi/lib/thumb/v7-m/nofp/libc_nano.a(lib_a-memset.o)
 .text          0x0000000000000000      0x254 /opt/st/stm32cubeide_1.7.0/plugins/com.st.stm32cube.ide.mcu.externaltools.gnu-tools-for-stm32.9-2020-q2-update.linux64_2.0.0.202105311346/tools/bin/../lib/gcc/arm-none-eabi/9.3.1/thumb/v7-m/nofp/libgcc.a(_arm_muldf3.o)
 .data          0x0000000000000000        0x0 /opt/st/stm32cubeide_1.7.0/plugins/com.st.stm32cube.ide.mcu.externaltools.gnu-tools-for-stm32.9-2020-q2-update.linux64_2.0.0.202105311346/tools/bin/../lib/gcc/arm-none-eabi/9.3.1/thumb/v7-m/nofp/libgcc.a(_arm_muldf3.o)
 .bss           0x0000000000000000        0x0 /opt/st/stm32cubeide_1.7.0/plugins/com.st.stm32cube.ide.mcu.externaltools.gnu-tools-for-stm32.9-2020-q2-update.linux64_2.0.0.202105311346/tools/bin/../lib/gcc/arm-none-eabi/9.3.1/thumb/v7-m/nofp/libgcc.a(_arm_muldf3.o)
 .debug_frame   0x0000000000000000       0x30 /opt/st/stm32cubeide_1.7.0/plugins/com.st.stm32cube.ide.mcu.externaltools.gnu-tools-for-stm32.9-2020-q2-update.linux64_2.0.0.202105311346/tools/bin/../lib/gcc/arm-none-eabi/9.3.1/thumb/v7-m/nofp/libgcc.a(_arm_muldf3.o)
 .ARM.attributes
                0x0000000000000000       0x1d /opt/st/stm32cubeide_1.7.0/plugins/com.st.stm32cube.ide.mcu.externaltools.gnu-tools-for-stm32.9-2020-q2-update.linux64_2.0.0.202105311346/tools/bin/../lib/gcc/arm-none-eabi/9.3.1/thumb/v7-m/nofp/libgcc.a(_arm_muldf3.o)
 .data          0x0000000000000000        0x0 /opt/st/stm32cubeide_1.7.0/plugins/com.st.stm32cube.ide.mcu.externaltools.gnu-tools-for-stm32.9-2020-q2-update.linux64_2.0.0.202105311346/tools/bin/../lib/gcc/arm-none-eabi/9.3.1/thumb/v7-m/nofp/libgcc.a(_arm_mulsf3.o)
 .bss           0x0000000000000000        0x0 /opt/st/stm32cubeide_1.7.0/plugins/com.st.stm32cube.ide.mcu.externaltools.gnu-tools-for-stm32.9-2020-q2-update.linux64_2.0.0.202105311346/tools/bin/../lib/gcc/arm-none-eabi/9.3.1/thumb/v7-m/nofp/libgcc.a(_arm_mulsf3.o)
 .data          0x0000000000000000        0x0 /opt/st/stm32cubeide_1.7.0/plugins/com.st.stm32cube.ide.mcu.externaltools.gnu-tools-for-stm32.9-2020-q2-update.linux64_2.0.0.202105311346/tools/bin/../lib/gcc/arm-none-eabi/9.3.1/thumb/v7-m/nofp/libgcc.a(_arm_addsubdf3.o)
 .bss           0x0000000000000000        0x0 /opt/st/stm32cubeide_1.7.0/plugins/com.st.stm32cube.ide.mcu.externaltools.gnu-tools-for-stm32.9-2020-q2-update.linux64_2.0.0.202105311346/tools/bin/../lib/gcc/arm-none-eabi/9.3.1/thumb/v7-m/nofp/libgcc.a(_arm_addsubdf3.o)
 .data          0x0000000000000000        0x0 /opt/st/stm32cubeide_1.7.0/plugins/com.st.stm32cube.ide.mcu.externaltools.gnu-tools-for-stm32.9-2020-q2-update.linux64_2.0.0.202105311346/tools/bin/../lib/gcc/arm-none-eabi/9.3.1/thumb/v7-m/nofp/libgcc.a(_arm_muldivdf3.o)
 .bss           0x0000000000000000        0x0 /opt/st/stm32cubeide_1.7.0/plugins/com.st.stm32cube.ide.mcu.externaltools.gnu-tools-for-stm32.9-2020-q2-update.linux64_2.0.0.202105311346/tools/bin/../lib/gcc/arm-none-eabi/9.3.1/thumb/v7-m/nofp/libgcc.a(_arm_muldivdf3.o)
 .data          0x0000000000000000        0x0 /opt/st/stm32cubeide_1.7.0/plugins/com.st.stm32cube.ide.mcu.externaltools.gnu-tools-for-stm32.9-2020-q2-update.linux64_2.0.0.202105311346/tools/bin/../lib/gcc/arm-none-eabi/9.3.1/thumb/v7-m/nofp/libgcc.a(_arm_truncdfsf2.o)
 .bss           0x0000000000000000        0x0 /opt/st/stm32cubeide_1.7.0/plugins/com.st.stm32cube.ide.mcu.externaltools.gnu-tools-for-stm32.9-2020-q2-update.linux64_2.0.0.202105311346/tools/bin/../lib/gcc/arm-none-eabi/9.3.1/thumb/v7-m/nofp/libgcc.a(_arm_truncdfsf2.o)
 .data          0x0000000000000000        0x0 /opt/st/stm32cubeide_1.7.0/plugins/com.st.stm32cube.ide.mcu.externaltools.gnu-tools-for-stm32.9-2020-q2-update.linux64_2.0.0.202105311346/tools/bin/../lib/gcc/arm-none-eabi/9.3.1/thumb/v7-m/nofp/libgcc.a(_arm_addsubsf3.o)
 .bss           0x0000000000000000        0x0 /opt/st/stm32cubeide_1.7.0/plugins/com.st.stm32cube.ide.mcu.externaltools.gnu-tools-for-stm32.9-2020-q2-update.linux64_2.0.0.202105311346/tools/bin/../lib/gcc/arm-none-eabi/9.3.1/thumb/v7-m/nofp/libgcc.a(_arm_addsubsf3.o)
 .data          0x0000000000000000        0x0 /opt/st/stm32cubeide_1.7.0/plugins/com.st.stm32cube.ide.mcu.externaltools.gnu-tools-for-stm32.9-2020-q2-update.linux64_2.0.0.202105311346/tools/bin/../lib/gcc/arm-none-eabi/9.3.1/thumb/v7-m/nofp/libgcc.a(_arm_fixunssfsi.o)
 .bss           0x0000000000000000        0x0 /opt/st/stm32cubeide_1.7.0/plugins/com.st.stm32cube.ide.mcu.externaltools.gnu-tools-for-stm32.9-2020-q2-update.linux64_2.0.0.202105311346/tools/bin/../lib/gcc/arm-none-eabi/9.3.1/thumb/v7-m/nofp/libgcc.a(_arm_fixunssfsi.o)
 .text          0x0000000000000000        0x0 /opt/st/stm32cubeide_1.7.0/plugins/com.st.stm32cube.ide.mcu.externaltools.gnu-tools-for-stm32.9-2020-q2-update.linux64_2.0.0.202105311346/tools/bin/../lib/gcc/arm-none-eabi/9.3.1/thumb/v7-m/nofp/crtend.o
 .data          0x0000000000000000        0x0 /opt/st/stm32cubeide_1.7.0/plugins/com.st.stm32cube.ide.mcu.externaltools.gnu-tools-for-stm32.9-2020-q2-update.linux64_2.0.0.202105311346/tools/bin/../lib/gcc/arm-none-eabi/9.3.1/thumb/v7-m/nofp/crtend.o
 .bss           0x0000000000000000        0x0 /opt/st/stm32cubeide_1.7.0/plugins/com.st.stm32cube.ide.mcu.externaltools.gnu-tools-for-stm32.9-2020-q2-update.linux64_2.0.0.202105311346/tools/bin/../lib/gcc/arm-none-eabi/9.3.1/thumb/v7-m/nofp/crtend.o
 .eh_frame      0x0000000000000000        0x4 /opt/st/stm32cubeide_1.7.0/plugins/com.st.stm32cube.ide.mcu.externaltools.gnu-tools-for-stm32.9-2020-q2-update.linux64_2.0.0.202105311346/tools/bin/../lib/gcc/arm-none-eabi/9.3.1/thumb/v7-m/nofp/crtend.o
 .ARM.attributes
                0x0000000000000000       0x2d /opt/st/stm32cubeide_1.7.0/plugins/com.st.stm32cube.ide.mcu.externaltools.gnu-tools-for-stm32.9-2020-q2-update.linux64_2.0.0.202105311346/tools/bin/../lib/gcc/arm-none-eabi/9.3.1/thumb/v7-m/nofp/crtend.o
 .text          0x0000000000000000        0x0 /opt/st/stm32cubeide_1.7.0/plugins/com.st.stm32cube.ide.mcu.externaltools.gnu-tools-for-stm32.9-2020-q2-update.linux64_2.0.0.202105311346/tools/bin/../lib/gcc/arm-none-eabi/9.3.1/thumb/v7-m/nofp/crtn.o
 .data          0x0000000000000000        0x0 /opt/st/stm32cubeide_1.7.0/plugins/com.st.stm32cube.ide.mcu.externaltools.gnu-tools-for-stm32.9-2020-q2-update.linux64_2.0.0.202105311346/tools/bin/../lib/gcc/arm-none-eabi/9.3.1/thumb/v7-m/nofp/crtn.o
 .bss           0x0000000000000000        0x0 /opt/st/stm32cubeide_1.7.0/plugins/com.st.stm32cube.ide.mcu.externaltools.gnu-tools-for-stm32.9-2020-q2-update.linux64_2.0.0.202105311346/tools/bin/../lib/gcc/arm-none-eabi/9.3.1/thumb/v7-m/nofp/crtn.o

Memory Configuration

Name             Origin             Length             Attributes
RAM              0x0000000020000000 0x0000000000001800 xrw
FLASH            0x0000000008000000 0x0000000000004000 xr
*default*        0x0000000000000000 0xffffffffffffffff

Linker script and memory map

LOAD /opt/st/stm32cubeide_1.7.0/plugins/com.st.stm32cube.ide.mcu.externaltools.gnu-tools-for-stm32.9-2020-q2-update.linux64_2.0.0.202105311346/tools/bin/../lib/gcc/arm-none-eabi/9.3.1/thumb/v7-m/nofp/crti.o
LOAD /opt/st/stm32cubeide_1.7.0/plugins/com.st.stm32cube.ide.mcu.externaltools.gnu-tools-for-stm32.9-2020-q2-update.linux64_2.0.0.202105311346/tools/bin/../lib/gcc/arm-none-eabi/9.3.1/thumb/v7-m/nofp/crtbegin.o
LOAD /opt/st/stm32cubeide_1.7.0/plugins/com.st.stm32cube.ide.mcu.externaltools.gnu-tools-for-stm32.9-2020-q2-update.linux64_2.0.0.202105311346/tools/bin/../lib/gcc/arm-none-eabi/9.3.1/../../../../arm-none-eabi/lib/thumb/v7-m/nofp/crt0.o
LOAD ./Drives/Src/delay.o
LOAD ./Drives/Src/sim800l.o
LOAD ./Drives/Src/uart.o
LOAD ./Libraries/CMSIS/core_cm3.o
LOAD ./Libraries/ST/STM32F10x/system_stm32f10x.o
LOAD ./Src/main.o
LOAD ./Src/syscalls.o
LOAD ./Src/sysmem.o
LOAD ./Startup/startup_stm32f103c4tx.o
START GROUP
LOAD /opt/st/stm32cubeide_1.7.0/plugins/com.st.stm32cube.ide.mcu.externaltools.gnu-tools-for-stm32.9-2020-q2-update.linux64_2.0.0.202105311346/tools/bin/../lib/gcc/arm-none-eabi/9.3.1/../../../../arm-none-eabi/lib/thumb/v7-m/nofp/libc_nano.a
LOAD /opt/st/stm32cubeide_1.7.0/plugins/com.st.stm32cube.ide.mcu.externaltools.gnu-tools-for-stm32.9-2020-q2-update.linux64_2.0.0.202105311346/tools/bin/../lib/gcc/arm-none-eabi/9.3.1/../../../../arm-none-eabi/lib/thumb/v7-m/nofp/libm.a
END GROUP
START GROUP
LOAD /opt/st/stm32cubeide_1.7.0/plugins/com.st.stm32cube.ide.mcu.externaltools.gnu-tools-for-stm32.9-2020-q2-update.linux64_2.0.0.202105311346/tools/bin/../lib/gcc/arm-none-eabi/9.3.1/thumb/v7-m/nofp/libgcc.a
LOAD /opt/st/stm32cubeide_1.7.0/plugins/com.st.stm32cube.ide.mcu.externaltools.gnu-tools-for-stm32.9-2020-q2-update.linux64_2.0.0.202105311346/tools/bin/../lib/gcc/arm-none-eabi/9.3.1/../../../../arm-none-eabi/lib/thumb/v7-m/nofp/libc_nano.a
END GROUP
START GROUP
LOAD /opt/st/stm32cubeide_1.7.0/plugins/com.st.stm32cube.ide.mcu.externaltools.gnu-tools-for-stm32.9-2020-q2-update.linux64_2.0.0.202105311346/tools/bin/../lib/gcc/arm-none-eabi/9.3.1/thumb/v7-m/nofp/libgcc.a
LOAD /opt/st/stm32cubeide_1.7.0/plugins/com.st.stm32cube.ide.mcu.externaltools.gnu-tools-for-stm32.9-2020-q2-update.linux64_2.0.0.202105311346/tools/bin/../lib/gcc/arm-none-eabi/9.3.1/../../../../arm-none-eabi/lib/thumb/v7-m/nofp/libc_nano.a
LOAD /opt/st/stm32cubeide_1.7.0/plugins/com.st.stm32cube.ide.mcu.externaltools.gnu-tools-for-stm32.9-2020-q2-update.linux64_2.0.0.202105311346/tools/bin/../lib/gcc/arm-none-eabi/9.3.1/../../../../arm-none-eabi/lib/thumb/v7-m/nofp/libnosys.a
END GROUP
START GROUP
LOAD /opt/st/stm32cubeide_1.7.0/plugins/com.st.stm32cube.ide.mcu.externaltools.gnu-tools-for-stm32.9-2020-q2-update.linux64_2.0.0.202105311346/tools/bin/../lib/gcc/arm-none-eabi/9.3.1/thumb/v7-m/nofp/libgcc.a
LOAD /opt/st/stm32cubeide_1.7.0/plugins/com.st.stm32cube.ide.mcu.externaltools.gnu-tools-for-stm32.9-2020-q2-update.linux64_2.0.0.202105311346/tools/bin/../lib/gcc/arm-none-eabi/9.3.1/../../../../arm-none-eabi/lib/thumb/v7-m/nofp/libc_nano.a
LOAD /opt/st/stm32cubeide_1.7.0/plugins/com.st.stm32cube.ide.mcu.externaltools.gnu-tools-for-stm32.9-2020-q2-update.linux64_2.0.0.202105311346/tools/bin/../lib/gcc/arm-none-eabi/9.3.1/../../../../arm-none-eabi/lib/thumb/v7-m/nofp/libnosys.a
END GROUP
LOAD /opt/st/stm32cubeide_1.7.0/plugins/com.st.stm32cube.ide.mcu.externaltools.gnu-tools-for-stm32.9-2020-q2-update.linux64_2.0.0.202105311346/tools/bin/../lib/gcc/arm-none-eabi/9.3.1/thumb/v7-m/nofp/crtend.o
LOAD /opt/st/stm32cubeide_1.7.0/plugins/com.st.stm32cube.ide.mcu.externaltools.gnu-tools-for-stm32.9-2020-q2-update.linux64_2.0.0.202105311346/tools/bin/../lib/gcc/arm-none-eabi/9.3.1/thumb/v7-m/nofp/crtn.o
                0x0000000020001800                _estack = (ORIGIN (RAM) + LENGTH (RAM))
                0x0000000000000200                _Min_Heap_Size = 0x200
                0x0000000000000400                _Min_Stack_Size = 0x400

.isr_vector     0x0000000008000000      0x130
                0x0000000008000000                . = ALIGN (0x4)
 *(.isr_vector)
 .isr_vector    0x0000000008000000      0x130 ./Startup/startup_stm32f103c4tx.o
                0x0000000008000000                g_pfnVectors
                0x0000000008000130                . = ALIGN (0x4)

.text           0x0000000008000130     0x1240
                0x0000000008000130                . = ALIGN (0x4)
 *(.text)
 .text          0x0000000008000130       0x40 /opt/st/stm32cubeide_1.7.0/plugins/com.st.stm32cube.ide.mcu.externaltools.gnu-tools-for-stm32.9-2020-q2-update.linux64_2.0.0.202105311346/tools/bin/../lib/gcc/arm-none-eabi/9.3.1/thumb/v7-m/nofp/crtbegin.o
 .text          0x0000000008000170      0x168 /opt/st/stm32cubeide_1.7.0/plugins/com.st.stm32cube.ide.mcu.externaltools.gnu-tools-for-stm32.9-2020-q2-update.linux64_2.0.0.202105311346/tools/bin/../lib/gcc/arm-none-eabi/9.3.1/thumb/v7-m/nofp/libgcc.a(_arm_mulsf3.o)
                0x0000000008000170                __mulsf3
                0x0000000008000170                __aeabi_fmul
 .text          0x00000000080002d8      0x378 /opt/st/stm32cubeide_1.7.0/plugins/com.st.stm32cube.ide.mcu.externaltools.gnu-tools-for-stm32.9-2020-q2-update.linux64_2.0.0.202105311346/tools/bin/../lib/gcc/arm-none-eabi/9.3.1/thumb/v7-m/nofp/libgcc.a(_arm_addsubdf3.o)
                0x00000000080002d8                __aeabi_drsub
                0x00000000080002e0                __aeabi_dsub
                0x00000000080002e0                __subdf3
                0x00000000080002e4                __adddf3
                0x00000000080002e4                __aeabi_dadd
                0x000000000800055c                __aeabi_ui2d
                0x000000000800055c                __floatunsidf
                0x000000000800057c                __floatsidf
                0x000000000800057c                __aeabi_i2d
                0x00000000080005a0                __extendsfdf2
                0x00000000080005a0                __aeabi_f2d
                0x00000000080005e4                __aeabi_ul2d
                0x00000000080005e4                __floatundidf
                0x00000000080005f4                __floatdidf
                0x00000000080005f4                __aeabi_l2d
 .text          0x0000000008000650      0x424 /opt/st/stm32cubeide_1.7.0/plugins/com.st.stm32cube.ide.mcu.externaltools.gnu-tools-for-stm32.9-2020-q2-update.linux64_2.0.0.202105311346/tools/bin/../lib/gcc/arm-none-eabi/9.3.1/thumb/v7-m/nofp/libgcc.a(_arm_muldivdf3.o)
                0x0000000008000650                __aeabi_dmul
                0x0000000008000650                __muldf3
                0x00000000080008a4                __aeabi_ddiv
                0x00000000080008a4                __divdf3
 .text          0x0000000008000a74       0xa0 /opt/st/stm32cubeide_1.7.0/plugins/com.st.stm32cube.ide.mcu.externaltools.gnu-tools-for-stm32.9-2020-q2-update.linux64_2.0.0.202105311346/tools/bin/../lib/gcc/arm-none-eabi/9.3.1/thumb/v7-m/nofp/libgcc.a(_arm_truncdfsf2.o)
                0x0000000008000a74                __aeabi_d2f
                0x0000000008000a74                __truncdfsf2
 .text          0x0000000008000b14      0x21c /opt/st/stm32cubeide_1.7.0/plugins/com.st.stm32cube.ide.mcu.externaltools.gnu-tools-for-stm32.9-2020-q2-update.linux64_2.0.0.202105311346/tools/bin/../lib/gcc/arm-none-eabi/9.3.1/thumb/v7-m/nofp/libgcc.a(_arm_addsubsf3.o)
                0x0000000008000b14                __aeabi_frsub
                0x0000000008000b1c                __subsf3
                0x0000000008000b1c                __aeabi_fsub
                0x0000000008000b20                __aeabi_fadd
                0x0000000008000b20                __addsf3
                0x0000000008000c80                __aeabi_ui2f
                0x0000000008000c80                __floatunsisf
                0x0000000008000c88                __aeabi_i2f
                0x0000000008000c88                __floatsisf
                0x0000000008000ca4                __floatundisf
                0x0000000008000ca4                __aeabi_ul2f
                0x0000000008000cb4                __floatdisf
                0x0000000008000cb4                __aeabi_l2f
 .text          0x0000000008000d30       0x40 /opt/st/stm32cubeide_1.7.0/plugins/com.st.stm32cube.ide.mcu.externaltools.gnu-tools-for-stm32.9-2020-q2-update.linux64_2.0.0.202105311346/tools/bin/../lib/gcc/arm-none-eabi/9.3.1/thumb/v7-m/nofp/libgcc.a(_arm_fixunssfsi.o)
                0x0000000008000d30                __aeabi_f2uiz
                0x0000000008000d30                __fixunssfsi
 *(.text*)
 .text.Initialize_SIM900
                0x0000000008000d70       0x22 ./Drives/Src/sim800l.o
                0x0000000008000d70                Initialize_SIM900
 *fill*         0x0000000008000d92        0x2 
 .text.SIM900_putch
                0x0000000008000d94       0x20 ./Drives/Src/sim800l.o
                0x0000000008000d94                SIM900_putch
 .text.SIM900_getch
                0x0000000008000db4       0x1c ./Drives/Src/sim800l.o
                0x0000000008000db4                SIM900_getch
 .text.SIM900_print
                0x0000000008000dd0       0x2a ./Drives/Src/sim800l.o
                0x0000000008000dd0                SIM900_print
 *fill*         0x0000000008000dfa        0x2 
 .text.SIM900_isStarted
                0x0000000008000dfc       0x24 ./Drives/Src/sim800l.o
                0x0000000008000dfc                SIM900_isStarted
 .text.SIM900_isReady
                0x0000000008000e20       0x24 ./Drives/Src/sim800l.o
                0x0000000008000e20                SIM900_isReady
 .text.SIM900_waitResponse
                0x0000000008000e44      0x128 ./Drives/Src/sim800l.o
                0x0000000008000e44                SIM900_waitResponse
 .text.Uart_Init
                0x0000000008000f6c      0x14c ./Drives/Src/uart.o
                0x0000000008000f6c                Uart_Init
 .text.Uart_SendByte
                0x00000000080010b8       0x2e ./Drives/Src/uart.o
                0x00000000080010b8                Uart_SendByte
 .text.Uart_ReceiveByte
                0x00000000080010e6       0x30 ./Drives/Src/uart.o
                0x00000000080010e6                Uart_ReceiveByte
 *fill*         0x0000000008001116        0x2 
 .text.SystemInit
                0x0000000008001118       0x68 ./Libraries/ST/STM32F10x/system_stm32f10x.o
                0x0000000008001118                SystemInit
 .text.SetSysClock
                0x0000000008001180        0xc ./Libraries/ST/STM32F10x/system_stm32f10x.o
 .text.SetSysClockTo72
                0x000000000800118c      0x100 ./Libraries/ST/STM32F10x/system_stm32f10x.o
 .text.main     0x000000000800128c       0x30 ./Src/main.o
                0x000000000800128c                main
 .text.Reset_Handler
                0x00000000080012bc       0x50 ./Startup/startup_stm32f103c4tx.o
                0x00000000080012bc                Reset_Handler
 .text.Default_Handler
                0x000000000800130c        0x2 ./Startup/startup_stm32f103c4tx.o
                0x000000000800130c                EXTI2_IRQHandler
                0x000000000800130c                TIM8_TRG_COM_IRQHandler
                0x000000000800130c                TIM8_CC_IRQHandler
                0x000000000800130c                DebugMon_Handler
                0x000000000800130c                TIM1_CC_IRQHandler
                0x000000000800130c                HardFault_Handler
                0x000000000800130c                TIM6_IRQHandler
                0x000000000800130c                SysTick_Handler
                0x000000000800130c                PVD_IRQHandler
                0x000000000800130c                SDIO_IRQHandler
                0x000000000800130c                PendSV_Handler
                0x000000000800130c                NMI_Handler
                0x000000000800130c                EXTI3_IRQHandler
                0x000000000800130c                USB_HP_CAN_TX_IRQHandler
                0x000000000800130c                EXTI0_IRQHandler
                0x000000000800130c                I2C2_EV_IRQHandler
                0x000000000800130c                UsageFault_Handler
                0x000000000800130c                ADC1_2_IRQHandler
                0x000000000800130c                SPI1_IRQHandler
                0x000000000800130c                CAN_SCE_IRQHandler
                0x000000000800130c                TAMPER_IRQHandler
                0x000000000800130c                TIM8_UP_IRQHandler
                0x000000000800130c                DMA2_Channel2_IRQHandler
                0x000000000800130c                DMA1_Channel4_IRQHandler
                0x000000000800130c                USART3_IRQHandler
                0x000000000800130c                RTC_IRQHandler
                0x000000000800130c                DMA1_Channel7_IRQHandler
                0x000000000800130c                UART5_IRQHandler
                0x000000000800130c                ADC3_IRQHandler
                0x000000000800130c                TIM4_IRQHandler
                0x000000000800130c                CAN_RX1_IRQHandler
                0x000000000800130c                DMA2_Channel1_IRQHandler
                0x000000000800130c                I2C1_EV_IRQHandler
                0x000000000800130c                DMA1_Channel6_IRQHandler
                0x000000000800130c                UART4_IRQHandler
                0x000000000800130c                TIM3_IRQHandler
                0x000000000800130c                RCC_IRQHandler
                0x000000000800130c                TIM1_TRG_COM_IRQHandler
                0x000000000800130c                DMA1_Channel1_IRQHandler
                0x000000000800130c                Default_Handler
                0x000000000800130c                EXTI15_10_IRQHandler
                0x000000000800130c                TIM7_IRQHandler
                0x000000000800130c                TIM5_IRQHandler
                0x000000000800130c                EXTI9_5_IRQHandler
                0x000000000800130c                SPI2_IRQHandler
                0x000000000800130c                USB_LP_CAN_RX0_IRQHandler
                0x000000000800130c                MemManage_Handler
                0x000000000800130c                SVC_Handler
                0x000000000800130c                DMA1_Channel5_IRQHandler
                0x000000000800130c                EXTI4_IRQHandler
                0x000000000800130c                DMA1_Channel3_IRQHandler
                0x000000000800130c                FSMC_IRQHandler
                0x000000000800130c                TIM1_UP_IRQHandler
                0x000000000800130c                WWDG_IRQHandler
                0x000000000800130c                TIM2_IRQHandler
                0x000000000800130c                TIM1_BRK_IRQHandler
                0x000000000800130c                EXTI1_IRQHandler
                0x000000000800130c                RTCAlarm_IRQHandler
                0x000000000800130c                DMA2_Channel4_5_IRQHandler
                0x000000000800130c                USART2_IRQHandler
                0x000000000800130c                I2C2_ER_IRQHandler
                0x000000000800130c                DMA1_Channel2_IRQHandler
                0x000000000800130c                TIM8_BRK_IRQHandler
                0x000000000800130c                FLASH_IRQHandler
                0x000000000800130c                BusFault_Handler
                0x000000000800130c                USART1_IRQHandler
                0x000000000800130c                SPI3_IRQHandler
                0x000000000800130c                I2C1_ER_IRQHandler
                0x000000000800130c                DMA2_Channel3_IRQHandler
 *fill*         0x000000000800130e        0x2 
 .text.__libc_init_array
                0x0000000008001310       0x48 /opt/st/stm32cubeide_1.7.0/plugins/com.st.stm32cube.ide.mcu.externaltools.gnu-tools-for-stm32.9-2020-q2-update.linux64_2.0.0.202105311346/tools/bin/../lib/gcc/arm-none-eabi/9.3.1/../../../../arm-none-eabi/lib/thumb/v7-m/nofp/libc_nano.a(lib_a-init.o)
                0x0000000008001310                __libc_init_array
 *(.glue_7)
 .glue_7        0x0000000008001358        0x0 linker stubs
 *(.glue_7t)
 .glue_7t       0x0000000008001358        0x0 linker stubs
 *(.eh_frame)
 .eh_frame      0x0000000008001358        0x0 /opt/st/stm32cubeide_1.7.0/plugins/com.st.stm32cube.ide.mcu.externaltools.gnu-tools-for-stm32.9-2020-q2-update.linux64_2.0.0.202105311346/tools/bin/../lib/gcc/arm-none-eabi/9.3.1/thumb/v7-m/nofp/crtbegin.o
 *(.init)
 .init          0x0000000008001358        0x4 /opt/st/stm32cubeide_1.7.0/plugins/com.st.stm32cube.ide.mcu.externaltools.gnu-tools-for-stm32.9-2020-q2-update.linux64_2.0.0.202105311346/tools/bin/../lib/gcc/arm-none-eabi/9.3.1/thumb/v7-m/nofp/crti.o
                0x0000000008001358                _init
 .init          0x000000000800135c        0x8 /opt/st/stm32cubeide_1.7.0/plugins/com.st.stm32cube.ide.mcu.externaltools.gnu-tools-for-stm32.9-2020-q2-update.linux64_2.0.0.202105311346/tools/bin/../lib/gcc/arm-none-eabi/9.3.1/thumb/v7-m/nofp/crtn.o
 *(.fini)
 .fini          0x0000000008001364        0x4 /opt/st/stm32cubeide_1.7.0/plugins/com.st.stm32cube.ide.mcu.externaltools.gnu-tools-for-stm32.9-2020-q2-update.linux64_2.0.0.202105311346/tools/bin/../lib/gcc/arm-none-eabi/9.3.1/thumb/v7-m/nofp/crti.o
                0x0000000008001364                _fini
 .fini          0x0000000008001368        0x8 /opt/st/stm32cubeide_1.7.0/plugins/com.st.stm32cube.ide.mcu.externaltools.gnu-tools-for-stm32.9-2020-q2-update.linux64_2.0.0.202105311346/tools/bin/../lib/gcc/arm-none-eabi/9.3.1/thumb/v7-m/nofp/crtn.o
                0x0000000008001370                . = ALIGN (0x4)
                0x0000000008001370                _etext = .

.vfp11_veneer   0x0000000008001370        0x0
 .vfp11_veneer  0x0000000008001370        0x0 linker stubs

.v4_bx          0x0000000008001370        0x0
 .v4_bx         0x0000000008001370        0x0 linker stubs

.iplt           0x0000000008001370        0x0
 .iplt          0x0000000008001370        0x0 /opt/st/stm32cubeide_1.7.0/plugins/com.st.stm32cube.ide.mcu.externaltools.gnu-tools-for-stm32.9-2020-q2-update.linux64_2.0.0.202105311346/tools/bin/../lib/gcc/arm-none-eabi/9.3.1/thumb/v7-m/nofp/crtbegin.o

.rodata         0x0000000008001370       0x90
                0x0000000008001370                . = ALIGN (0x4)
 *(.rodata)
 .rodata        0x0000000008001370       0x7a ./Drives/Src/sim800l.o
 *fill*         0x00000000080013ea        0x2 
 .rodata        0x00000000080013ec       0x12 ./Src/main.o
 *(.rodata*)
                0x0000000008001400                . = ALIGN (0x4)
 *fill*         0x00000000080013fe        0x2 

.rel.dyn        0x0000000008001400        0x0
 .rel.iplt      0x0000000008001400        0x0 /opt/st/stm32cubeide_1.7.0/plugins/com.st.stm32cube.ide.mcu.externaltools.gnu-tools-for-stm32.9-2020-q2-update.linux64_2.0.0.202105311346/tools/bin/../lib/gcc/arm-none-eabi/9.3.1/thumb/v7-m/nofp/crtbegin.o

.ARM.extab      0x0000000008001400        0x0
                0x0000000008001400                . = ALIGN (0x4)
 *(.ARM.extab* .gnu.linkonce.armextab.*)
                0x0000000008001400                . = ALIGN (0x4)

.ARM            0x0000000008001400        0x0
                0x0000000008001400                . = ALIGN (0x4)
                0x0000000008001400                __exidx_start = .
 *(.ARM.exidx*)
                0x0000000008001400                __exidx_end = .
                0x0000000008001400                . = ALIGN (0x4)

.preinit_array  0x0000000008001400        0x0
                0x0000000008001400                . = ALIGN (0x4)
                0x0000000008001400                PROVIDE (__preinit_array_start = .)
 *(.preinit_array*)
                0x0000000008001400                PROVIDE (__preinit_array_end = .)
                0x0000000008001400                . = ALIGN (0x4)

.init_array     0x0000000008001400        0x4
                0x0000000008001400                . = ALIGN (0x4)
                0x0000000008001400                PROVIDE (__init_array_start = .)
 *(SORT_BY_NAME(.init_array.*))
 *(.init_array*)
 .init_array    0x0000000008001400        0x4 /opt/st/stm32cubeide_1.7.0/plugins/com.st.stm32cube.ide.mcu.externaltools.gnu-tools-for-stm32.9-2020-q2-update.linux64_2.0.0.202105311346/tools/bin/../lib/gcc/arm-none-eabi/9.3.1/thumb/v7-m/nofp/crtbegin.o
                0x0000000008001404                PROVIDE (__init_array_end = .)
                0x0000000008001404                . = ALIGN (0x4)

.fini_array     0x0000000008001404        0x4
                0x0000000008001404                . = ALIGN (0x4)
                [!provide]                        PROVIDE (__fini_array_start = .)
 *(SORT_BY_NAME(.fini_array.*))
 *(.fini_array*)
 .fini_array    0x0000000008001404        0x4 /opt/st/stm32cubeide_1.7.0/plugins/com.st.stm32cube.ide.mcu.externaltools.gnu-tools-for-stm32.9-2020-q2-update.linux64_2.0.0.202105311346/tools/bin/../lib/gcc/arm-none-eabi/9.3.1/thumb/v7-m/nofp/crtbegin.o
                [!provide]                        PROVIDE (__fini_array_end = .)
                0x0000000008001408                . = ALIGN (0x4)
                0x0000000008001408                _sidata = LOADADDR (.data)

.data           0x0000000020000000        0x4 load address 0x0000000008001408
                0x0000000020000000                . = ALIGN (0x4)
                0x0000000020000000                _sdata = .
 *(.data)
 *(.data*)
 .data.SystemCoreClock
                0x0000000020000000        0x4 ./Libraries/ST/STM32F10x/system_stm32f10x.o
                0x0000000020000000                SystemCoreClock
 *(.RamFunc)
 *(.RamFunc*)
                0x0000000020000004                . = ALIGN (0x4)
                0x0000000020000004                _edata = .

.igot.plt       0x0000000020000004        0x0 load address 0x000000000800140c
 .igot.plt      0x0000000020000004        0x0 /opt/st/stm32cubeide_1.7.0/plugins/com.st.stm32cube.ide.mcu.externaltools.gnu-tools-for-stm32.9-2020-q2-update.linux64_2.0.0.202105311346/tools/bin/../lib/gcc/arm-none-eabi/9.3.1/thumb/v7-m/nofp/crtbegin.o
                0x0000000020000004                . = ALIGN (0x4)

.bss            0x0000000020000004       0x20 load address 0x000000000800140c
                0x0000000020000004                _sbss = .
                0x0000000020000004                __bss_start__ = _sbss
 *(.bss)
 .bss           0x0000000020000004       0x1c /opt/st/stm32cubeide_1.7.0/plugins/com.st.stm32cube.ide.mcu.externaltools.gnu-tools-for-stm32.9-2020-q2-update.linux64_2.0.0.202105311346/tools/bin/../lib/gcc/arm-none-eabi/9.3.1/thumb/v7-m/nofp/crtbegin.o
 *(.bss*)
 *(COMMON)
 COMMON         0x0000000020000020        0x1 ./Drives/Src/sim800l.o
                0x0000000020000020                recv
                0x0000000020000024                . = ALIGN (0x4)
 *fill*         0x0000000020000021        0x3 
                0x0000000020000024                _ebss = .
                0x0000000020000024                __bss_end__ = _ebss

._user_heap_stack
                0x0000000020000024      0x604 load address 0x000000000800140c
                0x0000000020000028                . = ALIGN (0x8)
 *fill*         0x0000000020000024        0x4 
                [!provide]                        PROVIDE (end = .)
                0x0000000020000028                PROVIDE (_end = .)
                0x0000000020000228                . = (. + _Min_Heap_Size)
 *fill*         0x0000000020000028      0x200 
                0x0000000020000628                . = (. + _Min_Stack_Size)
 *fill*         0x0000000020000228      0x400 
                0x0000000020000628                . = ALIGN (0x8)

/DISCARD/
 libc.a(*)
 libm.a(*)
 libgcc.a(*)

.ARM.attributes
                0x0000000000000000       0x29
 *(.ARM.attributes)
 .ARM.attributes
                0x0000000000000000       0x1d /opt/st/stm32cubeide_1.7.0/plugins/com.st.stm32cube.ide.mcu.externaltools.gnu-tools-for-stm32.9-2020-q2-update.linux64_2.0.0.202105311346/tools/bin/../lib/gcc/arm-none-eabi/9.3.1/thumb/v7-m/nofp/crti.o
 .ARM.attributes
                0x000000000000001d       0x2d /opt/st/stm32cubeide_1.7.0/plugins/com.st.stm32cube.ide.mcu.externaltools.gnu-tools-for-stm32.9-2020-q2-update.linux64_2.0.0.202105311346/tools/bin/../lib/gcc/arm-none-eabi/9.3.1/thumb/v7-m/nofp/crtbegin.o
 .ARM.attributes
                0x000000000000004a       0x2d ./Drives/Src/sim800l.o
 .ARM.attributes
                0x0000000000000077       0x2d ./Drives/Src/uart.o
 .ARM.attributes
                0x00000000000000a4       0x2d ./Libraries/ST/STM32F10x/system_stm32f10x.o
 .ARM.attributes
                0x00000000000000d1       0x2d ./Src/main.o
 .ARM.attributes
                0x00000000000000fe       0x21 ./Startup/startup_stm32f103c4tx.o
 .ARM.attributes
                0x000000000000011f       0x2d /opt/st/stm32cubeide_1.7.0/plugins/com.st.stm32cube.ide.mcu.externaltools.gnu-tools-for-stm32.9-2020-q2-update.linux64_2.0.0.202105311346/tools/bin/../lib/gcc/arm-none-eabi/9.3.1/../../../../arm-none-eabi/lib/thumb/v7-m/nofp/libc_nano.a(lib_a-init.o)
 .ARM.attributes
                0x000000000000014c       0x1d /opt/st/stm32cubeide_1.7.0/plugins/com.st.stm32cube.ide.mcu.externaltools.gnu-tools-for-stm32.9-2020-q2-update.linux64_2.0.0.202105311346/tools/bin/../lib/gcc/arm-none-eabi/9.3.1/thumb/v7-m/nofp/libgcc.a(_arm_mulsf3.o)
 .ARM.attributes
                0x0000000000000169       0x1d /opt/st/stm32cubeide_1.7.0/plugins/com.st.stm32cube.ide.mcu.externaltools.gnu-tools-for-stm32.9-2020-q2-update.linux64_2.0.0.202105311346/tools/bin/../lib/gcc/arm-none-eabi/9.3.1/thumb/v7-m/nofp/libgcc.a(_arm_addsubdf3.o)
 .ARM.attributes
                0x0000000000000186       0x1d /opt/st/stm32cubeide_1.7.0/plugins/com.st.stm32cube.ide.mcu.externaltools.gnu-tools-for-stm32.9-2020-q2-update.linux64_2.0.0.202105311346/tools/bin/../lib/gcc/arm-none-eabi/9.3.1/thumb/v7-m/nofp/libgcc.a(_arm_muldivdf3.o)
 .ARM.attributes
                0x00000000000001a3       0x1d /opt/st/stm32cubeide_1.7.0/plugins/com.st.stm32cube.ide.mcu.externaltools.gnu-tools-for-stm32.9-2020-q2-update.linux64_2.0.0.202105311346/tools/bin/../lib/gcc/arm-none-eabi/9.3.1/thumb/v7-m/nofp/libgcc.a(_arm_truncdfsf2.o)
 .ARM.attributes
                0x00000000000001c0       0x1d /opt/st/stm32cubeide_1.7.0/plugins/com.st.stm32cube.ide.mcu.externaltools.gnu-tools-for-stm32.9-2020-q2-update.linux64_2.0.0.202105311346/tools/bin/../lib/gcc/arm-none-eabi/9.3.1/thumb/v7-m/nofp/libgcc.a(_arm_addsubsf3.o)
 .ARM.attributes
                0x00000000000001dd       0x1d /opt/st/stm32cubeide_1.7.0/plugins/com.st.stm32cube.ide.mcu.externaltools.gnu-tools-for-stm32.9-2020-q2-update.linux64_2.0.0.202105311346/tools/bin/../lib/gcc/arm-none-eabi/9.3.1/thumb/v7-m/nofp/libgcc.a(_arm_fixunssfsi.o)
 .ARM.attributes
                0x00000000000001fa       0x1d /opt/st/stm32cubeide_1.7.0/plugins/com.st.stm32cube.ide.mcu.externaltools.gnu-tools-for-stm32.9-2020-q2-update.linux64_2.0.0.202105311346/tools/bin/../lib/gcc/arm-none-eabi/9.3.1/thumb/v7-m/nofp/crtn.o
OUTPUT(stm32f103c4.elf elf32-littlearm)
LOAD linker stubs
LOAD /opt/st/stm32cubeide_1.7.0/plugins/com.st.stm32cube.ide.mcu.externaltools.gnu-tools-for-stm32.9-2020-q2-update.linux64_2.0.0.202105311346/tools/bin/../lib/gcc/arm-none-eabi/9.3.1/../../../../arm-none-eabi/lib/thumb/v7-m/nofp/libc.a
LOAD /opt/st/stm32cubeide_1.7.0/plugins/com.st.stm32cube.ide.mcu.externaltools.gnu-tools-for-stm32.9-2020-q2-update.linux64_2.0.0.202105311346/tools/bin/../lib/gcc/arm-none-eabi/9.3.1/../../../../arm-none-eabi/lib/thumb/v7-m/nofp/libm.a
LOAD /opt/st/stm32cubeide_1.7.0/plugins/com.st.stm32cube.ide.mcu.externaltools.gnu-tools-for-stm32.9-2020-q2-update.linux64_2.0.0.202105311346/tools/bin/../lib/gcc/arm-none-eabi/9.3.1/thumb/v7-m/nofp/libgcc.a

.debug_info     0x0000000000000000     0x1002
 .debug_info    0x0000000000000000      0x376 ./Drives/Src/sim800l.o
 .debug_info    0x0000000000000376      0x62c ./Drives/Src/uart.o
 .debug_info    0x00000000000009a2      0x48b ./Libraries/ST/STM32F10x/system_stm32f10x.o
 .debug_info    0x0000000000000e2d      0x1b3 ./Src/main.o
 .debug_info    0x0000000000000fe0       0x22 ./Startup/startup_stm32f103c4tx.o

.debug_abbrev   0x0000000000000000      0x5cc
 .debug_abbrev  0x0000000000000000      0x1b5 ./Drives/Src/sim800l.o
 .debug_abbrev  0x00000000000001b5      0x17c ./Drives/Src/uart.o
 .debug_abbrev  0x0000000000000331      0x1c4 ./Libraries/ST/STM32F10x/system_stm32f10x.o
 .debug_abbrev  0x00000000000004f5       0xc5 ./Src/main.o
 .debug_abbrev  0x00000000000005ba       0x12 ./Startup/startup_stm32f103c4tx.o

.debug_aranges  0x0000000000000000      0x130
 .debug_aranges
                0x0000000000000000       0x58 ./Drives/Src/sim800l.o
 .debug_aranges
                0x0000000000000058       0x58 ./Drives/Src/uart.o
 .debug_aranges
                0x00000000000000b0       0x38 ./Libraries/ST/STM32F10x/system_stm32f10x.o
 .debug_aranges
                0x00000000000000e8       0x20 ./Src/main.o
 .debug_aranges
                0x0000000000000108       0x28 ./Startup/startup_stm32f103c4tx.o

.debug_ranges   0x0000000000000000       0xe8
 .debug_ranges  0x0000000000000000       0x48 ./Drives/Src/sim800l.o
 .debug_ranges  0x0000000000000048       0x48 ./Drives/Src/uart.o
 .debug_ranges  0x0000000000000090       0x28 ./Libraries/ST/STM32F10x/system_stm32f10x.o
 .debug_ranges  0x00000000000000b8       0x10 ./Src/main.o
 .debug_ranges  0x00000000000000c8       0x20 ./Startup/startup_stm32f103c4tx.o

.debug_macro    0x0000000000000000     0x8e49
 .debug_macro   0x0000000000000000       0xb2 ./Drives/Src/sim800l.o
 .debug_macro   0x00000000000000b2       0x5c ./Drives/Src/sim800l.o
 .debug_macro   0x000000000000010e       0x22 ./Drives/Src/sim800l.o
 .debug_macro   0x0000000000000130      0x69f ./Drives/Src/sim800l.o
 .debug_macro   0x00000000000007cf     0x7da9 ./Drives/Src/sim800l.o
 .debug_macro   0x0000000000008578       0x28 ./Drives/Src/sim800l.o
 .debug_macro   0x00000000000085a0       0xa3 ./Drives/Src/uart.o
 .debug_macro   0x0000000000008643       0x9c ./Libraries/ST/STM32F10x/system_stm32f10x.o
 .debug_macro   0x00000000000086df       0xad ./Src/main.o
 .debug_macro   0x000000000000878c      0x6bd ./Src/main.o

.debug_line     0x0000000000000000     0x159b
 .debug_line    0x0000000000000000      0x585 ./Drives/Src/sim800l.o
 .debug_line    0x0000000000000585      0x5e8 ./Drives/Src/uart.o
 .debug_line    0x0000000000000b6d      0x553 ./Libraries/ST/STM32F10x/system_stm32f10x.o
 .debug_line    0x00000000000010c0      0x457 ./Src/main.o
 .debug_line    0x0000000000001517       0x84 ./Startup/startup_stm32f103c4tx.o

.debug_str      0x0000000000000000    0x32049
 .debug_str     0x0000000000000000    0x31d50 ./Drives/Src/sim800l.o
                                      0x31ec5 (size before relaxing)
 .debug_str     0x0000000000031d50      0x16b ./Drives/Src/uart.o
                                      0x31eef (size before relaxing)
 .debug_str     0x0000000000031ebb      0x14a ./Libraries/ST/STM32F10x/system_stm32f10x.o
                                      0x31e99 (size before relaxing)
 .debug_str     0x0000000000032005       0x13 ./Src/main.o
                                      0x31de3 (size before relaxing)
 .debug_str     0x0000000000032018       0x31 ./Startup/startup_stm32f103c4tx.o
                                         0x55 (size before relaxing)

.comment        0x0000000000000000       0x53
 .comment       0x0000000000000000       0x53 ./Drives/Src/sim800l.o
                                         0x54 (size before relaxing)
 .comment       0x0000000000000053       0x54 ./Drives/Src/uart.o
 .comment       0x0000000000000053       0x54 ./Libraries/ST/STM32F10x/system_stm32f10x.o
 .comment       0x0000000000000053       0x54 ./Src/main.o

.debug_frame    0x0000000000000000      0x4f8
 .debug_frame   0x0000000000000000      0x114 ./Drives/Src/sim800l.o
 .debug_frame   0x0000000000000114      0x140 ./Drives/Src/uart.o
 .debug_frame   0x0000000000000254       0x98 ./Libraries/ST/STM32F10x/system_stm32f10x.o
 .debug_frame   0x00000000000002ec       0x2c ./Src/main.o
 .debug_frame   0x0000000000000318       0x2c /opt/st/stm32cubeide_1.7.0/plugins/com.st.stm32cube.ide.mcu.externaltools.gnu-tools-for-stm32.9-2020-q2-update.linux64_2.0.0.202105311346/tools/bin/../lib/gcc/arm-none-eabi/9.3.1/../../../../arm-none-eabi/lib/thumb/v7-m/nofp/libc_nano.a(lib_a-init.o)
 .debug_frame   0x0000000000000344       0x24 /opt/st/stm32cubeide_1.7.0/plugins/com.st.stm32cube.ide.mcu.externaltools.gnu-tools-for-stm32.9-2020-q2-update.linux64_2.0.0.202105311346/tools/bin/../lib/gcc/arm-none-eabi/9.3.1/thumb/v7-m/nofp/libgcc.a(_arm_mulsf3.o)
 .debug_frame   0x0000000000000368       0xac /opt/st/stm32cubeide_1.7.0/plugins/com.st.stm32cube.ide.mcu.externaltools.gnu-tools-for-stm32.9-2020-q2-update.linux64_2.0.0.202105311346/tools/bin/../lib/gcc/arm-none-eabi/9.3.1/thumb/v7-m/nofp/libgcc.a(_arm_addsubdf3.o)
 .debug_frame   0x0000000000000414       0x50 /opt/st/stm32cubeide_1.7.0/plugins/com.st.stm32cube.ide.mcu.externaltools.gnu-tools-for-stm32.9-2020-q2-update.linux64_2.0.0.202105311346/tools/bin/../lib/gcc/arm-none-eabi/9.3.1/thumb/v7-m/nofp/libgcc.a(_arm_muldivdf3.o)
 .debug_frame   0x0000000000000464       0x24 /opt/st/stm32cubeide_1.7.0/plugins/com.st.stm32cube.ide.mcu.externaltools.gnu-tools-for-stm32.9-2020-q2-update.linux64_2.0.0.202105311346/tools/bin/../lib/gcc/arm-none-eabi/9.3.1/thumb/v7-m/nofp/libgcc.a(_arm_truncdfsf2.o)
 .debug_frame   0x0000000000000488       0x4c /opt/st/stm32cubeide_1.7.0/plugins/com.st.stm32cube.ide.mcu.externaltools.gnu-tools-for-stm32.9-2020-q2-update.linux64_2.0.0.202105311346/tools/bin/../lib/gcc/arm-none-eabi/9.3.1/thumb/v7-m/nofp/libgcc.a(_arm_addsubsf3.o)
 .debug_frame   0x00000000000004d4       0x24 /opt/st/stm32cubeide_1.7.0/plugins/com.st.stm32cube.ide.mcu.externaltools.gnu-tools-for-stm32.9-2020-q2-update.linux64_2.0.0.202105311346/tools/bin/../lib/gcc/arm-none-eabi/9.3.1/thumb/v7-m/nofp/libgcc.a(_arm_fixunssfsi.o)
